Archive member included to satisfy reference by file (symbol)

C:/MATLAB/Add-Ons/Toolboxes/NXP_MBDToolbox_S32K1xx/tools/gcc-6.3-arm32-eabi/arm-none-eabi/newlib/lib/thumb/v7e-m/fpv4-sp/hard\libm.a(lib_a-s_cos.o)
                              Final_project_template.o (cos)
C:/MATLAB/Add-Ons/Toolboxes/NXP_MBDToolbox_S32K1xx/tools/gcc-6.3-arm32-eabi/arm-none-eabi/newlib/lib/thumb/v7e-m/fpv4-sp/hard\libm.a(lib_a-s_sin.o)
                              Final_project_template.o (sin)
C:/MATLAB/Add-Ons/Toolboxes/NXP_MBDToolbox_S32K1xx/tools/gcc-6.3-arm32-eabi/arm-none-eabi/newlib/lib/thumb/v7e-m/fpv4-sp/hard\libm.a(lib_a-w_fmod.o)
                              Final_project_template.o (fmod)
C:/MATLAB/Add-Ons/Toolboxes/NXP_MBDToolbox_S32K1xx/tools/gcc-6.3-arm32-eabi/arm-none-eabi/newlib/lib/thumb/v7e-m/fpv4-sp/hard\libm.a(lib_a-w_sqrt.o)
                              Final_project_template.o (sqrt)
C:/MATLAB/Add-Ons/Toolboxes/NXP_MBDToolbox_S32K1xx/tools/gcc-6.3-arm32-eabi/arm-none-eabi/newlib/lib/thumb/v7e-m/fpv4-sp/hard\libm.a(lib_a-e_fmod.o)
                              C:/MATLAB/Add-Ons/Toolboxes/NXP_MBDToolbox_S32K1xx/tools/gcc-6.3-arm32-eabi/arm-none-eabi/newlib/lib/thumb/v7e-m/fpv4-sp/hard\libm.a(lib_a-w_fmod.o) (__ieee754_fmod)
C:/MATLAB/Add-Ons/Toolboxes/NXP_MBDToolbox_S32K1xx/tools/gcc-6.3-arm32-eabi/arm-none-eabi/newlib/lib/thumb/v7e-m/fpv4-sp/hard\libm.a(lib_a-e_rem_pio2.o)
                              C:/MATLAB/Add-Ons/Toolboxes/NXP_MBDToolbox_S32K1xx/tools/gcc-6.3-arm32-eabi/arm-none-eabi/newlib/lib/thumb/v7e-m/fpv4-sp/hard\libm.a(lib_a-s_cos.o) (__ieee754_rem_pio2)
C:/MATLAB/Add-Ons/Toolboxes/NXP_MBDToolbox_S32K1xx/tools/gcc-6.3-arm32-eabi/arm-none-eabi/newlib/lib/thumb/v7e-m/fpv4-sp/hard\libm.a(lib_a-e_sqrt.o)
                              C:/MATLAB/Add-Ons/Toolboxes/NXP_MBDToolbox_S32K1xx/tools/gcc-6.3-arm32-eabi/arm-none-eabi/newlib/lib/thumb/v7e-m/fpv4-sp/hard\libm.a(lib_a-w_sqrt.o) (__ieee754_sqrt)
C:/MATLAB/Add-Ons/Toolboxes/NXP_MBDToolbox_S32K1xx/tools/gcc-6.3-arm32-eabi/arm-none-eabi/newlib/lib/thumb/v7e-m/fpv4-sp/hard\libm.a(lib_a-k_cos.o)
                              C:/MATLAB/Add-Ons/Toolboxes/NXP_MBDToolbox_S32K1xx/tools/gcc-6.3-arm32-eabi/arm-none-eabi/newlib/lib/thumb/v7e-m/fpv4-sp/hard\libm.a(lib_a-s_cos.o) (__kernel_cos)
C:/MATLAB/Add-Ons/Toolboxes/NXP_MBDToolbox_S32K1xx/tools/gcc-6.3-arm32-eabi/arm-none-eabi/newlib/lib/thumb/v7e-m/fpv4-sp/hard\libm.a(lib_a-k_rem_pio2.o)
                              C:/MATLAB/Add-Ons/Toolboxes/NXP_MBDToolbox_S32K1xx/tools/gcc-6.3-arm32-eabi/arm-none-eabi/newlib/lib/thumb/v7e-m/fpv4-sp/hard\libm.a(lib_a-e_rem_pio2.o) (__kernel_rem_pio2)
C:/MATLAB/Add-Ons/Toolboxes/NXP_MBDToolbox_S32K1xx/tools/gcc-6.3-arm32-eabi/arm-none-eabi/newlib/lib/thumb/v7e-m/fpv4-sp/hard\libm.a(lib_a-k_sin.o)
                              C:/MATLAB/Add-Ons/Toolboxes/NXP_MBDToolbox_S32K1xx/tools/gcc-6.3-arm32-eabi/arm-none-eabi/newlib/lib/thumb/v7e-m/fpv4-sp/hard\libm.a(lib_a-s_cos.o) (__kernel_sin)
C:/MATLAB/Add-Ons/Toolboxes/NXP_MBDToolbox_S32K1xx/tools/gcc-6.3-arm32-eabi/arm-none-eabi/newlib/lib/thumb/v7e-m/fpv4-sp/hard\libm.a(lib_a-s_fabs.o)
                              C:/MATLAB/Add-Ons/Toolboxes/NXP_MBDToolbox_S32K1xx/tools/gcc-6.3-arm32-eabi/arm-none-eabi/newlib/lib/thumb/v7e-m/fpv4-sp/hard\libm.a(lib_a-e_rem_pio2.o) (fabs)
C:/MATLAB/Add-Ons/Toolboxes/NXP_MBDToolbox_S32K1xx/tools/gcc-6.3-arm32-eabi/arm-none-eabi/newlib/lib/thumb/v7e-m/fpv4-sp/hard\libm.a(lib_a-s_floor.o)
                              C:/MATLAB/Add-Ons/Toolboxes/NXP_MBDToolbox_S32K1xx/tools/gcc-6.3-arm32-eabi/arm-none-eabi/newlib/lib/thumb/v7e-m/fpv4-sp/hard\libm.a(lib_a-k_rem_pio2.o) (floor)
C:/MATLAB/Add-Ons/Toolboxes/NXP_MBDToolbox_S32K1xx/tools/gcc-6.3-arm32-eabi/arm-none-eabi/newlib/lib/thumb/v7e-m/fpv4-sp/hard\libm.a(lib_a-s_lib_ver.o)
                              C:/MATLAB/Add-Ons/Toolboxes/NXP_MBDToolbox_S32K1xx/tools/gcc-6.3-arm32-eabi/arm-none-eabi/newlib/lib/thumb/v7e-m/fpv4-sp/hard\libm.a(lib_a-w_fmod.o) (__fdlib_version)
C:/MATLAB/Add-Ons/Toolboxes/NXP_MBDToolbox_S32K1xx/tools/gcc-6.3-arm32-eabi/arm-none-eabi/newlib/lib/thumb/v7e-m/fpv4-sp/hard\libm.a(lib_a-s_matherr.o)
                              C:/MATLAB/Add-Ons/Toolboxes/NXP_MBDToolbox_S32K1xx/tools/gcc-6.3-arm32-eabi/arm-none-eabi/newlib/lib/thumb/v7e-m/fpv4-sp/hard\libm.a(lib_a-w_fmod.o) (matherr)
C:/MATLAB/Add-Ons/Toolboxes/NXP_MBDToolbox_S32K1xx/tools/gcc-6.3-arm32-eabi/arm-none-eabi/newlib/lib/thumb/v7e-m/fpv4-sp/hard\libm.a(lib_a-s_scalbn.o)
                              C:/MATLAB/Add-Ons/Toolboxes/NXP_MBDToolbox_S32K1xx/tools/gcc-6.3-arm32-eabi/arm-none-eabi/newlib/lib/thumb/v7e-m/fpv4-sp/hard\libm.a(lib_a-k_rem_pio2.o) (scalbn)
C:/MATLAB/Add-Ons/Toolboxes/NXP_MBDToolbox_S32K1xx/tools/gcc-6.3-arm32-eabi/arm-none-eabi/newlib/lib/thumb/v7e-m/fpv4-sp/hard\libm.a(lib_a-s_copysign.o)
[...]
Memory Configuration

Name             Origin             Length             Attributes
m_interrupts     0x00000000         0x00000400         xr
m_flash_config   0x00000400         0x00000010         xr
m_text           0x00000410         0x0007fbf0         xr
m_data           0x1fff9000         0x00007000         rw
m_data_2         0x20000000         0x00004000         rw
*default*        0x00000000         0xffffffff

Linker script and memory map

LOAD c:/matlab/add-ons/toolboxes/nxp_mbdtoolbox_s32k1xx/tools/gcc-6.3-arm32-eabi/bin/../lib/gcc/arm-none-eabi/6.3.1/thumb/v7e-m/fpv4-sp/hard/crti.o
LOAD c:/matlab/add-ons/toolboxes/nxp_mbdtoolbox_s32k1xx/tools/gcc-6.3-arm32-eabi/bin/../lib/gcc/arm-none-eabi/6.3.1/thumb/v7e-m/fpv4-sp/hard/crtbegin.o
LOAD C:/MATLAB/Add-Ons/Toolboxes/NXP_MBDToolbox_S32K1xx/tools/gcc-6.3-arm32-eabi/arm-none-eabi/newlib/lib/thumb/v7e-m/fpv4-sp/hard/crt0.o
                0x00000001                __ram_vector_table__ = 0x1
LOAD startup_S32K144.o
LOAD Final_project_template.o
LOAD Final_project_template_data.o
LOAD Pick_lead_wrapper.o
LOAD adc_driver.o
LOAD bicycle_model_wrapper.o
LOAD calc_us_wrapper.o
LOAD clock_S32K1xx.o
LOAD edma_driver.o
LOAD edma_hw_access.o
LOAD edma_irq.o
LOAD fcan0_s32k_rx_isr.o
LOAD flexcan_driver.o
LOAD flexcan_hw_access.o
LOAD flexcan_irq.o
LOAD ftm0_pwm_params.o
LOAD ftm2_qd_params_config.o
LOAD ftm3_pwm_params.o
LOAD ftm_chn_irq.o
LOAD ftm_common.o
LOAD ftm_fault_irq.o
LOAD ftm_hw_access.o
LOAD ftm_ic_driver.o
LOAD ftm_mc_driver.o
LOAD ftm_oc_driver.o
LOAD ftm_pwm_driver.o
LOAD ftm_qd_driver.o
LOAD interrupt_manager.o
LOAD lin_common.o
LOAD lin_driver.o
LOAD lin_irq.o
LOAD lin_lpuart_driver.o
LOAD lpit_driver.o
LOAD lpuart_driver.o
LOAD lpuart_hw_access.o
LOAD lpuart_irq.o
LOAD mbd_adc_irq.o
LOAD mbd_main.o
LOAD osif_baremetal.o
LOAD path_data.o
LOAD pins_driver.o
LOAD pins_port_hw_access.o
LOAD power_manager.o
LOAD power_manager_S32K1xx.o
LOAD power_smc_hw_access.o
LOAD s32k_clock_init.o
LOAD startup.o
LOAD system_S32K144.o
LOAD C:/MATLAB/Add-Ons/Toolboxes/NXP_MBDToolbox_S32K1xx/tools/gcc-6.3-arm32-eabi/arm-none-eabi/newlib/lib/thumb/v7e-m/fpv4-sp/hard\libm.a
LOAD S32K14x_AMMCLIB.a
START GROUP
LOAD c:/matlab/add-ons/toolboxes/nxp_mbdtoolbox_s32k1xx/tools/gcc-6.3-arm32-eabi/bin/../lib/gcc/arm-none-eabi/6.3.1/thumb/v7e-m/fpv4-sp/hard\libgcc.a
LOAD C:/MATLAB/Add-Ons/Toolboxes/NXP_MBDToolbox_S32K1xx/tools/gcc-6.3-arm32-eabi/arm-none-eabi/newlib/lib/thumb/v7e-m/fpv4-sp/hard\libc.a
END GROUP
START GROUP
LOAD c:/matlab/add-ons/toolboxes/nxp_mbdtoolbox_s32k1xx/tools/gcc-6.3-arm32-eabi/bin/../lib/gcc/arm-none-eabi/6.3.1/thumb/v7e-m/fpv4-sp/hard\libgcc.a
LOAD C:/MATLAB/Add-Ons/Toolboxes/NXP_MBDToolbox_S32K1xx/tools/gcc-6.3-arm32-eabi/arm-none-eabi/newlib/lib/thumb/v7e-m/fpv4-sp/hard\libc.a
LOAD C:/MATLAB/Add-Ons/Toolboxes/NXP_MBDToolbox_S32K1xx/tools/gcc-6.3-arm32-eabi/arm-none-eabi/newlib/lib/thumb/v7e-m/fpv4-sp/hard\libnosys.a
END GROUP
LOAD c:/matlab/add-ons/toolboxes/nxp_mbdtoolbox_s32k1xx/tools/gcc-6.3-arm32-eabi/bin/../lib/gcc/arm-none-eabi/6.3.1/thumb/v7e-m/fpv4-sp/hard/crtend.o
LOAD c:/matlab/add-ons/toolboxes/nxp_mbdtoolbox_s32k1xx/tools/gcc-6.3-arm32-eabi/bin/../lib/gcc/arm-none-eabi/6.3.1/thumb/v7e-m/fpv4-sp/hard/crtn.o
                0x00000400                HEAP_SIZE = DEFINED (__heap_size__)?__heap_size__:0x400
                0x00000400                STACK_SIZE = DEFINED (__stack_size__)?__stack_size__:0x400
                0x00000400                M_VECTOR_RAM_SIZE = DEFINED (__flash_vector_table__)?0x0:0x400

.interrupts     0x00000000      0x400
                0x00000000                __VECTOR_TABLE = .
                0x00000000                __interrupts_start__ = .
                0x00000000                . = ALIGN (0x4)
 *(.isr_vector)
 .isr_vector    0x00000000      0x400 startup_S32K144.o
                0x00000000                __isr_vector
                0x00000400                __interrupts_end__ = .
                0x00000400                . = ALIGN (0x4)

.flash_config   0x00000400       0x10
                0x00000400                . = ALIGN (0x4)
 *(.FlashConfig)
 .FlashConfig   0x00000400       0x10 startup_S32K144.o
                0x00000410                . = ALIGN (0x4)

.text           0x00000410     0xfbf4
                0x00000410                . = ALIGN (0x4)
 *(.text)
 .text          0x00000410       0xa4 c:/matlab/add-ons/toolboxes/nxp_mbdtoolbox_s32k1xx/tools/gcc-6.3-arm32-eabi/bin/../lib/gcc/arm-none-eabi/6.3.1/thumb/v7e-m/fpv4-sp/hard/crtbegin.o
 .text          0x000004b4       0x6c startup_S32K144.o
                0x000004b4                Reset_Handler
                0x0000051c                DebugMon_Handler
                0x0000051c                Reserved88_IRQHandler
                0x0000051c                HardFault_Handler
                0x0000051c                Reserved86_IRQHandler
                0x0000051c                Reserved103_IRQHandler
                0x0000051c                FTM2_Ovf_Reload_IRQHandler
                0x0000051c                Reserved50_IRQHandler
                0x0000051c                FTFC_Fault_IRQHandler
                0x0000051c                Reserved114_IRQHandler
                0x0000051c                PendSV_Handler
                0x0000051c                NMI_Handler
                0x0000051c                Reserved89_IRQHandler
                0x0000051c                ERM_double_fault_IRQHandler
                0x0000051c                Reserved59_IRQHandler
                0x0000051c                Reserved99_IRQHandler
                0x0000051c                LPIT0_Ch3_IRQHandler
                0x0000051c                Reserved92_IRQHandler
                0x0000051c                SWI_IRQHandler
                0x0000051c                UsageFault_Handler
                0x0000051c                FTM0_Ovf_Reload_IRQHandler
                0x0000051c                DefaultISR
                0x0000051c                Reserved58_IRQHandler
                0x0000051c                Reserved82_IRQHandler
                0x0000051c                LPI2C0_Slave_IRQHandler
                0x0000051c                Reserved71_IRQHandler
                0x0000051c                PORTD_IRQHandler
                0x0000051c                Reserved69_IRQHandler
                0x0000051c                PORTB_IRQHandler
                0x0000051c                Reserved70_IRQHandler
                0x0000051c                Reserved53_IRQHandler
                0x0000051c                RTC_IRQHandler
                0x0000051c                PDB0_IRQHandler
                0x0000051c                Reserved54_IRQHandler
                0x0000051c                LPSPI1_IRQHandler
                0x0000051c                LPUART1_RxTx_IRQHandler
                0x0000051c                RTC_Seconds_IRQHandler
                0x0000051c                Reserved72_IRQHandler
                0x0000051c                Reserved110_IRQHandler
                0x0000051c                Reserved107_IRQHandler
                0x0000051c                Read_Collision_IRQHandler
                0x0000051c                FTFC_IRQHandler
                0x0000051c                Reserved105_IRQHandler
                0x0000051c                LPIT0_Ch1_IRQHandler
                0x0000051c                FTM3_Ovf_Reload_IRQHandler
                0x0000051c                LPUART2_RxTx_IRQHandler
                0x0000051c                LPSPI0_IRQHandler
                0x0000051c                WDOG_EWM_IRQHandler
                0x0000051c                MemManage_Handler
                0x0000051c                Reserved90_IRQHandler
                0x0000051c                Reserved83_IRQHandler
                0x0000051c                Reserved48_IRQHandler
                0x0000051c                SVC_Handler
                0x0000051c                ERM_single_fault_IRQHandler
                0x0000051c                RCM_IRQHandler
                0x0000051c                Reserved100_IRQHandler
                0x0000051c                Reserved91_IRQHandler
                0x0000051c                SCG_IRQHandler
                0x0000051c                PDB1_IRQHandler
                0x0000051c                Reserved81_IRQHandler
                0x0000051c                Reserved46_IRQHandler
                0x0000051c                Reserved45_IRQHandler
                0x0000051c                Reserved112_IRQHandler
                0x0000051c                LPI2C0_Master_IRQHandler
                0x0000051c                Reserved106_IRQHandler
                0x0000051c                LVD_LVW_IRQHandler
                0x0000051c                LPIT0_Ch2_IRQHandler
                0x0000051c                PORTA_IRQHandler
                0x0000051c                MCM_IRQHandler
                0x0000051c                LPSPI2_IRQHandler
                0x0000051c                PORTE_IRQHandler
                0x0000051c                LPUART0_RxTx_IRQHandler
                0x0000051c                LPTMR0_IRQHandler
                0x0000051c                BusFault_Handler
                0x0000051c                Reserved87_IRQHandler
                0x0000051c                FTM1_Ovf_Reload_IRQHandler
                0x0000051c                Reserved93_IRQHandler
                0x0000051c                CMP0_IRQHandler
                0x0000051c                Reserved52_IRQHandler
                0x0000051c                PORTC_IRQHandler
                0x0000051c                FLEXIO_IRQHandler
                0x0000051c                Reserved113_IRQHandler
 .text          0x00000520     0x31e8 Final_project_template.o
                0x00000520                Final_project_template_SetEventsForThisBaseStep
                0x0000053c                SwitchCaseActionSubsystem2
                0x00000546                SwitchCaseActionSubsystem3
                0x00000550                Final_project_template_step0
                0x00000724                Final_project_template_step1
                0x00002e18                Final_project_template_step2
                0x00002e6c                Final_project_template_step
                0x00002e8c                Final_project_template_initialize
                0x00003704                Final_project_template_terminate
 .text          0x00003708       0x60 Pick_lead_wrapper.o
                0x00003708                Pick_lead_Outputs_wrapper
 .text          0x00003768      0x788 adc_driver.o
                0x00003768                ADC_DRV_InitConverterStruct
                0x00003784                ADC_DRV_ConfigConverter
                0x0000390c                ADC_DRV_GetConverterConfig
                0x000039f8                ADC_DRV_InitHwCompareStruct
                0x00003a06                ADC_DRV_ConfigHwCompare
                0x00003a68                ADC_DRV_GetHwCompareConfig
                0x00003aa0                ADC_DRV_InitHwAverageStruct
                0x00003aa8                ADC_DRV_ConfigHwAverage
                0x00003ae0                ADC_DRV_GetHwAverageConfig
                0x00003b00                ADC_DRV_InitChanStruct
                0x00003b0a                ADC_DRV_ConfigChan
                0x00003b60                ADC_DRV_GetChanConfig
                0x00003ba0                ADC_DRV_SetSwPretrigger
                0x00003be4                ADC_DRV_Reset
                0x00003c7c                ADC_DRV_WaitConvDone
                0x00003c94                ADC_DRV_GetConvCompleteFlag
                0x00003ca8                ADC_DRV_GetChanResult
                0x00003cc0                ADC_DRV_AutoCalibration
                0x00003e18                ADC_DRV_InitUserCalibrationStruct
                0x00003e22                ADC_DRV_ConfigUserCalibration
                0x00003e70                ADC_DRV_GetUserCalibration
                0x00003e90                ADC_DRV_GetInterruptNumber
                0x00003ea0                ADC_DRV_ClearLatchedTriggers
                0x00003ec4                ADC_DRV_ClearTriggerErrors
                0x00003edc                ADC_DRV_GetTriggerErrorFlags
 .text          0x00003ef0      0x1d8 bicycle_model_wrapper.o
                0x00003ef0                bicycle_model_Outputs_wrapper
 .text          0x000040c8       0xb6 calc_us_wrapper.o
                0x000040c8                calc_us_Outputs_wrapper
 *fill*         0x0000417e        0x2 
 .text          0x00004180     0x1c88 clock_S32K1xx.o
                0x00004ef6                CLOCK_DRV_Init
                0x00005524                CLOCK_DRV_GetFreq
                0x0000572c                CLOCK_DRV_SetModuleClock
                0x00005898                CLOCK_DRV_SetSystemClock
                0x000059c0                CLOCK_DRV_GetSystemClockSource
                0x00005a1c                CLOCK_DRV_SetClockSource
                0x00005ccc                CLOCK_SYS_Init
                0x00005ce8                CLOCK_SYS_UpdateConfiguration
                0x00005dd0                CLOCK_SYS_GetCurrentConfiguration
                0x00005ddc                CLOCK_SYS_GetErrorCallback
                0x00005df8                CLOCK_SYS_GetFreq
                0x00005e00                CLOCK_SYS_SetConfiguration
 .text          0x00005e08      0xae4 edma_driver.o
                0x00005e18                EDMA_DRV_InstallCallback
                0x00005e38                EDMA_DRV_ReleaseChannel
                0x00005e6c                EDMA_DRV_Deinit
                0x00005ebc                EDMA_DRV_IRQHandler
                0x00005ee8                EDMA_DRV_ErrorIRQHandler
                0x00005f24                EDMA_DRV_ConfigSingleBlockTransfer
                0x0000606c                EDMA_DRV_ConfigMultiBlockTransfer
                0x000060d0                EDMA_DRV_StartChannel
                0x000060e8                EDMA_DRV_StopChannel
                0x00006100                EDMA_DRV_SetChannelRequestAndTrigger
                0x00006144                EDMA_DRV_ChannelInit
                0x000061e4                EDMA_DRV_Init
                0x00006294                EDMA_DRV_ClearTCD
                0x000062a8                EDMA_DRV_SetSrcAddr
                0x000062bc                EDMA_DRV_SetSrcOffset
                0x000062d0                EDMA_DRV_SetSrcReadChunkSize
                0x000062f6                EDMA_DRV_SetSrcLastAddrAdjustment
                0x0000630c                EDMA_DRV_SetDestLastAddrAdjustment
                0x00006322                EDMA_DRV_SetDestAddr
                0x00006338                EDMA_DRV_SetDestOffset
                0x00006350                EDMA_DRV_SetDestWriteChunkSize
                0x00006374                EDMA_DRV_SetMinorLoopBlockSize
                0x00006388                EDMA_DRV_SetMajorLoopIterationCount
                0x0000639c                EDMA_DRV_GetRemainingMajorIterationsCount
                0x000063b0                EDMA_DRV_SetScatterGatherLink
                0x000063c4                EDMA_DRV_DisableRequestsOnTransferComplete
                0x000063fc                EDMA_DRV_ConfigureInterrupt
                0x0000647c                EDMA_DRV_CancelTransfer
                0x00006494                EDMA_DRV_TriggerSwRequest
                0x000064a4                EDMA_DRV_PushConfigToSTCD
                0x00006532                EDMA_DRV_PushConfigToReg
                0x0000670c                EDMA_DRV_ConfigLoopTransfer
                0x00006734                EDMA_DRV_ConfigScatterGatherTransfer
                0x000068d4                EDMA_DRV_GetChannelStatus
                0x000068e4                EDMA_DRV_GetDmaRegBaseAddr
 .text          0x000068ec      0x284 edma_hw_access.o
                0x000068ec                EDMA_CancelTransfer
                0x000068fe                EDMA_CancelTransferWithError
                0x00006910                EDMA_SetErrorIntCmd
                0x0000691a                EDMA_SetDmaRequestCmd
                0x00006924                EDMA_TCDClearReg
                0x0000696e                EDMA_Init
                0x00006990                EDMA_TCDSetAttribute
                0x000069c0                EDMA_TCDSetNbytes
                0x00006a1c                EDMA_TCDSetMinorLoopOffset
                0x00006a60                EDMA_TCDSetScatterGatherLink
                0x00006a6c                EDMA_TCDSetChannelMinorLink
                0x00006ad6                EDMA_TCDSetMajorCount
                0x00006b34                EDMA_TCDGetCurrentMajorCount
                0x00006b60                DMAMUX_Init
 .text          0x00006b70       0xc8 edma_irq.o
                0x00006b70                DMA0_IRQHandler
                0x00006b7a                DMA1_IRQHandler
                0x00006b84                DMA2_IRQHandler
                0x00006b8e                DMA3_IRQHandler
                0x00006b98                DMA4_IRQHandler
                0x00006ba2                DMA5_IRQHandler
                0x00006bac                DMA6_IRQHandler
                0x00006bb6                DMA7_IRQHandler
                0x00006bc0                DMA8_IRQHandler
                0x00006bca                DMA9_IRQHandler
                0x00006bd4                DMA10_IRQHandler
                0x00006bde                DMA11_IRQHandler
                0x00006be8                DMA12_IRQHandler
                0x00006bf2                DMA13_IRQHandler
                0x00006bfc                DMA14_IRQHandler
                0x00006c06                DMA15_IRQHandler
                0x00006c10                DMA_Error_IRQHandler
 .text          0x00006c38      0x268 fcan0_s32k_rx_isr.o
                0x00006c38                fcan0_s32k_rx_isr
 .text          0x00006ea0     0x15e8 flexcan_driver.o
                0x000071f4                FLEXCAN_DRV_SetBitrate
                0x000072a4                FLEXCAN_DRV_SetBitrateCbt
                0x00007318                FLEXCAN_DRV_GetBitrate
                0x0000737c                FLEXCAN_DRV_GetBitrateFD
                0x000073bc                FLEXCAN_DRV_SetRxMaskType
                0x000073ec                FLEXCAN_DRV_SetRxFifoGlobalMask
                0x00007470                FLEXCAN_DRV_SetRxMbGlobalMask
                0x000074a8                FLEXCAN_DRV_SetRxMb14Mask
                0x000074e0                FLEXCAN_DRV_SetRxMb15Mask
                0x00007518                FLEXCAN_DRV_SetRxIndividualMask
                0x0000762c                FLEXCAN_DRV_Init
                0x000078fc                FLEXCAN_DRV_ConfigTxMb
                0x0000793c                FLEXCAN_DRV_ConfigRemoteResponseMb
                0x00007988                FLEXCAN_DRV_SendBlocking
                0x00007a4c                FLEXCAN_DRV_Send
                0x00007a80                FLEXCAN_DRV_ConfigRxMb
                0x00007b04                FLEXCAN_DRV_ConfigRxFifo
                0x00007b2c                FLEXCAN_DRV_ReceiveBlocking
                0x00007bac                FLEXCAN_DRV_Receive
                0x00007bb6                FLEXCAN_DRV_RxFifoBlocking
                0x00007c34                FLEXCAN_DRV_RxFifo
                0x00007c3e                FLEXCAN_DRV_Deinit
                0x00007d14                FLEXCAN_DRV_SetTDCOffset
                0x00007d4c                FLEXCAN_DRV_GetTDCValue
                0x00007d60                FLEXCAN_DRV_GetTDCFail
                0x00007d74                FLEXCAN_DRV_ClearTDCFail
                0x00007d8c                FLEXCAN_BusOff_IRQHandler
                0x00007db4                FLEXCAN_IRQHandler
                0x00007fd0                FLEXCAN_Error_IRQHandler
                0x00007ff8                FLEXCAN_WakeUpHandler
                0x00008064                FLEXCAN_DRV_GetTransferStatus
                0x00008088                FLEXCAN_DRV_GetErrorStatus
                0x00008098                FLEXCAN_DRV_AbortTransfer
                0x0000820c                FLEXCAN_DRV_InstallEventCallback
                0x00008220                FLEXCAN_DRV_InstallErrorCallback
                0x000082b4                FLEXCAN_DRV_ConfigPN
                0x000082f4                FLEXCAN_DRV_GetWMB
                0x00008330                FLEXCAN_DRV_GetDefaultConfig
 .text          0x00008488      0xb2c flexcan_hw_access.o
                0x000084be                FLEXCAN_GetRxFifoMask
                0x00008520                FLEXCAN_GetMaxMbNum
                0x0000854c                FLEXCAN_Enable
                0x00008576                FLEXCAN_Disable
                0x0000858e                FLEXCAN_Init
                0x000085f0                FLEXCAN_EnableRxFifo
                0x00008644                FLEXCAN_SetRxFifoFilter
                0x0000881c                FLEXCAN_SetMsgBuffIntCmd
                0x00008858                FLEXCAN_SetErrIntCmd
                0x000088b2                FLEXCAN_ExitFreezeMode
                0x000088cc                FLEXCAN_EnterFreezeMode
                0x0000890c                FLEXCAN_ClearErrIntStatusFlag
                0x00008924                FLEXCAN_ClearBusOffIntStatusFlag
                0x00008938                FLEXCAN_ReadRxFifo
                0x0000898e                FLEXCAN_SetOperationMode
                0x000089ec                FLEXCAN_SetPayloadSize
                0x00008a06                FLEXCAN_GetPayloadSize
                0x00008a26                FLEXCAN_GetMsgBuffRegion
                0x00008a56                FLEXCAN_SetTxMsgBuff
                0x00008be8                FLEXCAN_AbortTxMsgBuff
                0x00008bfc                FLEXCAN_ResetRxMsgBuff
                0x00008c12                FLEXCAN_SetRxMsgBuff
                0x00008cd8                FLEXCAN_LockRxMsgBuff
                0x00008ce2                FLEXCAN_GetMsgBuff
                0x00008d70                FLEXCAN_SetMaxMsgBuffNum
                0x00008e0c                FLEXCAN_ConfigPN
 .text          0x00008fb4       0x82 flexcan_irq.o
                0x00008fb4                CAN0_ORed_IRQHandler
                0x00008fbe                CAN0_Error_IRQHandler
                0x00008fc8                CAN0_Wake_Up_IRQHandler
                0x00008fd2                CAN0_ORed_0_15_MB_IRQHandler
                0x00008fdc                CAN0_ORed_16_31_MB_IRQHandler
                0x00008fe6                CAN1_ORed_IRQHandler
                0x00008ff0                CAN1_Error_IRQHandler
                0x00008ffa                CAN1_ORed_0_15_MB_IRQHandler
                0x00009004                CAN1_ORed_16_31_MB_IRQHandler
                0x0000900e                CAN2_ORed_IRQHandler
                0x00009018                CAN2_Error_IRQHandler
                0x00009022                CAN2_ORed_0_15_MB_IRQHandler
                0x0000902c                CAN2_ORed_16_31_MB_IRQHandler
 *fill*         0x00009036        0x2 
 .text          0x00009038      0x798 ftm_common.o
                0x00009038                FTM_DRV_Deinit
                0x00009058                FTM_DRV_GetDefaultConfig
                0x00009084                FTM_DRV_MaskOutputChannels
                0x000090a4                FTM_DRV_SetInitialCounterValue
                0x000090cc                FTM_DRV_SetHalfCycleReloadPoint
                0x000090ec                FTM_DRV_SetSoftOutChnValue
                0x00009124                FTM_DRV_SetSoftwareOutputChannelControl
                0x00009150                FTM_DRV_SetAllChnSoftwareOutputControl
                0x00009180                FTM_DRV_SetInvertingControl
                0x000091a0                FTM_DRV_SetModuloCounterValue
                0x000091c8                FTM_DRV_SetOutputlevel
                0x000091fc                FTM_DRV_SetSync
                0x000093b8                FTM_DRV_GenerateHardwareTrigger
                0x000093d4                FTM_DRV_EnableInterrupts
                0x00009474                FTM_DRV_DisableInterrupts
                0x00009510                FTM_DRV_GetEnabledInterrupts
                0x0000956c                FTM_DRV_GetStatusFlags
                0x000095c8                FTM_DRV_ClearStatusFlags
                0x00009654                FTM_DRV_GetFrequency
                0x000096b8                FTM_DRV_Init
                0x00009798                FTM_DRV_ConvertFreqToPeriodTicks
                0x000097ac                FTM_DRV_CounterReset
 .text          0x000097d0      0x110 ftm_fault_irq.o
                0x000097d0                FTM0_Fault_IRQHandler
                0x00009810                FTM1_Fault_IRQHandler
                0x00009850                FTM2_Fault_IRQHandler
                0x00009890                FTM3_Fault_IRQHandler
                0x000098d0                FTM_FAULT_DRV_InstallCallback
 .text          0x000098e0       0xfe ftm_hw_access.o
                0x000098e0                FTM_DRV_InitModule
                0x000098f8                FTM_DRV_Reset
                0x0000995e                FTM_DRV_SetChnTriggerCmd
                0x00009990                FTM_DRV_SetChnInputCaptureFilter
 *fill*         0x000099de        0x2 
 .text          0x000099e0      0x6dc ftm_ic_driver.o
                0x00009a98                FTM_DRV_InitInputCapture
                0x00009d68                FTM_DRV_DeinitInputCapture
                0x00009e38                FTM_DRV_GetInputCaptureMeasurement
                0x00009e50                FTM_DRV_StartNewSignalMeasurement
                0x00009eb8                FTM_IC_DRV_SetChannelMode
                0x00009ffc                FTM0_Ch0_Ch1_IRQHandler
                0x0000a008                FTM0_Ch2_Ch3_IRQHandler
                0x0000a014                FTM0_Ch4_Ch5_IRQHandler
                0x0000a020                FTM0_Ch6_Ch7_IRQHandler
                0x0000a02c                FTM1_Ch0_Ch1_IRQHandler
                0x0000a038                FTM1_Ch2_Ch3_IRQHandler
                0x0000a044                FTM1_Ch4_Ch5_IRQHandler
                0x0000a050                FTM1_Ch6_Ch7_IRQHandler
                0x0000a05c                FTM2_Ch0_Ch1_IRQHandler
                0x0000a068                FTM2_Ch2_Ch3_IRQHandler
                0x0000a074                FTM2_Ch4_Ch5_IRQHandler
                0x0000a080                FTM2_Ch6_Ch7_IRQHandler
                0x0000a08c                FTM3_Ch0_Ch1_IRQHandler
                0x0000a098                FTM3_Ch2_Ch3_IRQHandler
                0x0000a0a4                FTM3_Ch4_Ch5_IRQHandler
                0x0000a0b0                FTM3_Ch6_Ch7_IRQHandler
 .text          0x0000a0bc      0x9b4 ftm_pwm_driver.o
                0x0000a0bc                FTM_DRV_DeinitPwm
                0x0000a1c8                FTM_DRV_UpdatePwmChannel
                0x0000a2cc                FTM_DRV_InitPwm
                0x0000a904                FTM_DRV_UpdatePwmPeriod
                0x0000a960                FTM_DRV_FastUpdatePwmChannels
                0x0000a9a0                FTM_DRV_ControlChannelOutput
                0x0000a9d0                FTM_PWM_DRV_IrqHandler
 .text          0x0000aa70      0x190 ftm_qd_driver.o
                0x0000aa70                FTM_DRV_QuadDecodeStart
                0x0000ab8c                FTM_DRV_QuadDecodeStop
                0x0000abb4                FTM_DRV_QuadGetState
                0x0000abe4                FTM_QD_DRV_GetDefaultConfig
 .text          0x0000ac00      0x1ac interrupt_manager.o
                0x0000ac00                INT_SYS_InstallHandler
                0x0000ac40                INT_SYS_EnableIRQ
                0x0000ac58                INT_SYS_DisableIRQ
                0x0000ac74                INT_SYS_EnableIRQGlobal
                0x0000ac90                INT_SYS_DisableIRQGlobal
                0x0000aca0                INT_SYS_SetPriority
                0x0000acf8                INT_SYS_GetPriority
                0x0000ad3c                INT_SYS_ClearPending
                0x0000ad58                INT_SYS_SetPending
                0x0000ad74                INT_SYS_GetPending
                0x0000ad90                INT_SYS_GetActive
 .text          0x0000adac      0x62c lpit_driver.o
                0x0000adac                LPIT_DRV_GetDefaultConfig
                0x0000adb4                LPIT_DRV_GetDefaultChanConfig
                0x0000add4                LPIT_DRV_Init
                0x0000ae80                LPIT_DRV_Deinit
                0x0000ae90                LPIT_DRV_StartTimerChannels
                0x0000aea0                LPIT_DRV_StopTimerChannels
                0x0000aeb0                LPIT_DRV_SetTimerPeriodByUs
                0x0000af5c                LPIT_DRV_InitChannel
                0x0000b0e4                LPIT_DRV_SetTimerPeriodInDual16ModeByUs
                0x0000b168                LPIT_DRV_GetTimerPeriodByUs
                0x0000b27c                LPIT_DRV_GetCurrentTimerUs
                0x0000b334                LPIT_DRV_SetTimerPeriodByCount
                0x0000b344                LPIT_DRV_SetTimerPeriodInDual16ModeByCount
                0x0000b358                LPIT_DRV_GetTimerPeriodByCount
                0x0000b37c                LPIT_DRV_GetCurrentTimerCount
                0x0000b3a0                LPIT_DRV_EnableTimerChannelInterrupt
                0x0000b3b0                LPIT_DRV_DisableTimerChannelInterrupt
                0x0000b3c0                LPIT_DRV_GetInterruptFlagTimerChannels
                0x0000b3cc                LPIT_DRV_ClearInterruptFlagTimerChannels
 .text          0x0000b3d8      0xdf4 lpuart_driver.o
                0x0000b8dc                LPUART_DRV_GetDefaultConfig
                0x0000b8f4                LPUART_DRV_Deinit
                0x0000b964                LPUART_DRV_InstallRxCallback
                0x0000b978                LPUART_DRV_InstallTxCallback
                0x0000b98c                LPUART_DRV_SendDataBlocking
                0x0000b9e8                LPUART_DRV_SendDataPolling
                0x0000ba6c                LPUART_DRV_SendData
                0x0000ba90                LPUART_DRV_GetTransmitStatus
                0x0000bac8                LPUART_DRV_AbortSendingData
                0x0000baf4                LPUART_DRV_ReceiveDataBlocking
                0x0000bb50                LPUART_DRV_ReceiveDataPolling
                0x0000bc98                LPUART_DRV_ReceiveData
                0x0000bcbc                LPUART_DRV_GetReceiveStatus
                0x0000bcf4                LPUART_DRV_AbortReceivingData
                0x0000bd20                LPUART_DRV_SetBaudRate
                0x0000be0c                LPUART_DRV_Init
                0x0000bee8                LPUART_DRV_GetBaudRate
                0x0000bf20                LPUART_DRV_SetTxBuffer
                0x0000bf34                LPUART_DRV_SetRxBuffer
                0x0000bf48                LPUART_DRV_IRQHandler
 .text          0x0000c1cc      0x34c lpuart_hw_access.o
                0x0000c1cc                LPUART_Init
                0x0000c1f0                LPUART_SetBitCountPerChar
                0x0000c220                LPUART_SetParityMode
                0x0000c23e                LPUART_Putchar9
                0x0000c254                LPUART_Putchar10
                0x0000c276                LPUART_Getchar9
                0x0000c288                LPUART_Getchar10
                0x0000c2a6                LPUART_SetIntMode
                0x0000c316                LPUART_GetIntMode
                0x0000c360                LPUART_GetStatusFlag
                0x0000c3a8                LPUART_ClearStatusFlag
                0x0000c4d8                LPUART_SetErrorInterrupts
 .text          0x0000c518       0x1e lpuart_irq.o
                0x0000c518                LPUART0_IrqHandler
                0x0000c522                LPUART1_IrqHandler
                0x0000c52c                LPUART2_IrqHandler
 *fill*         0x0000c536        0x2 
 .text          0x0000c538       0x74 mbd_adc_irq.o
                0x0000c538                ADC_CommonIRQHandler
                0x0000c588                ADC_InstallCallback
                0x0000c598                ADC0_IRQHandler
                0x0000c5a2                ADC1_IRQHandler
 .text          0x0000c5ac       0xf8 mbd_main.o
                0x0000c5ac                SYSTEM_INIT_TASK
                0x0000c5b4                SYSTEM_TASK
                0x0000c5e6                LPIT0_Ch0_IRQHandler
                0x0000c5f6                lpit0_init
                0x0000c63c                lpit0_init_step_timer
                0x0000c678                main
 .text          0x0000c6a4      0x150 osif_baremetal.o
                0x0000c6a4                SysTick_Handler
                0x0000c6b4                OSIF_TimeDelay
                0x0000c714                OSIF_GetMilliseconds
                0x0000c720                OSIF_MutexLock
                0x0000c724                OSIF_MutexUnlock
                0x0000c728                OSIF_MutexCreate
                0x0000c72c                OSIF_MutexDestroy
                0x0000c730                OSIF_SemaWait
                0x0000c7b4                OSIF_SemaPost
                0x0000c7da                OSIF_SemaCreate
                0x0000c7ee                OSIF_SemaDestroy
 .text          0x0000c7f4      0x144 pins_driver.o
                0x0000c7f4                PINS_DRV_Init
                0x0000c814                PINS_DRV_SetPullSel
                0x0000c84e                PINS_DRV_SetMuxModeSel
                0x0000c856                PINS_DRV_SetPinIntSel
                0x0000c86c                PINS_DRV_GetPinIntSel
                0x0000c876                PINS_DRV_ClearPinIntFlagCmd
                0x0000c884                PINS_DRV_EnableDigitalFilter
                0x0000c896                PINS_DRV_DisableDigitalFilter
                0x0000c8aa                PINS_DRV_ConfigDigitalFilter
                0x0000c8c0                PINS_DRV_GetPortIntFlag
                0x0000c8c6                PINS_DRV_ClearPortIntFlagCmd
                0x0000c8d0                PINS_DRV_GetPinsDirection
                0x0000c8d4                PINS_DRV_SetPinDirection
                0x0000c8ec                PINS_DRV_SetPinsDirection
                0x0000c8f0                PINS_DRV_SetPortInputDisable
                0x0000c8f4                PINS_DRV_GetPortInputDisable
                0x0000c8f8                PINS_DRV_SetGlobalPinControl
                0x0000c900                PINS_DRV_SetGlobalIntControl
                0x0000c908                PINS_DRV_WritePin
                0x0000c920                PINS_DRV_WritePins
                0x0000c924                PINS_DRV_GetPinsOutput
                0x0000c928                PINS_DRV_SetPins
                0x0000c92c                PINS_DRV_ClearPins
                0x0000c930                PINS_DRV_TogglePins
                0x0000c934                PINS_DRV_ReadPins
 .text          0x0000c938      0x224 pins_port_hw_access.o
                0x0000c9a8                PINS_Init
                0x0000cabc                PINS_SetMuxModeSel
                0x0000cb0c                PINS_SetGlobalPinControl
                0x0000cb38                PINS_SetGlobalIntControl
 .text          0x0000cb5c      0x1d0 power_manager.o
                0x0000cc00                POWER_SYS_Init
                0x0000cc2c                POWER_SYS_Deinit
                0x0000cc44                POWER_SYS_GetLastMode
                0x0000cc5c                POWER_SYS_GetLastModeConfig
                0x0000cc78                POWER_SYS_GetErrorCallbackIndex
                0x0000cc84                POWER_SYS_GetErrorCallback
                0x0000cca0                POWER_SYS_SetMode
                0x0000cd20                POWER_SYS_GetDefaultConfig
 .text          0x0000cd2c      0x504 power_manager_S32K1xx.o
                0x0000cdf8                POWER_SYS_DoInit
                0x0000ce90                POWER_SYS_DoDeinit
                0x0000cea4                POWER_SYS_GetCurrentMode
                0x0000cec8                POWER_SYS_DoSetMode
                0x0000d1ce                POWER_SYS_GetResetSrcStatusCmd
 .text          0x0000d230      0x184 power_smc_hw_access.o
                0x0000d2a0                SMC_SetPowerMode
                0x0000d39c                SMC_SetProtectionMode
 .text          0x0000d3b4      0x118 s32k_clock_init.o
                0x0000d3b4                Clock_Setup
                0x0000d4b4                UpdateSystickConfig
 .text          0x0000d4cc       0xd8 startup.o
                0x0000d4cc                init_data_bss
 .text          0x0000d5a4       0xd4 system_S32K144.o
                0x0000d5a4                SystemInit
                0x0000d5e0                SystemCoreClockUpdate
                0x0000d660                SystemSoftwareReset
 .text          0x0000d678      0x378 c:/matlab/add-ons/toolboxes/nxp_mbdtoolbox_s32k1xx/tools/gcc-6.3-arm32-eabi/bin/../lib/gcc/arm-none-eabi/6.3.1/thumb/v7e-m/fpv4-sp/hard\libgcc.a(_arm_addsubdf3.o)
                0x0000d678                __aeabi_drsub
                0x0000d680                __aeabi_dsub
                0x0000d680                __subdf3
                0x0000d684                __aeabi_dadd
                0x0000d684                __adddf3
                0x0000d8fc                __floatunsidf
                0x0000d8fc                __aeabi_ui2d
                0x0000d91c                __floatsidf
                0x0000d91c                __aeabi_i2d
                0x0000d940                __aeabi_f2d
                0x0000d940                __extendsfdf2
                0x0000d984                __floatundidf
                0x0000d984                __aeabi_ul2d
                0x0000d994                __floatdidf
                0x0000d994                __aeabi_l2d
 .text          0x0000d9f0      0x424 c:/matlab/add-ons/toolboxes/nxp_mbdtoolbox_s32k1xx/tools/gcc-6.3-arm32-eabi/bin/../lib/gcc/arm-none-eabi/6.3.1/thumb/v7e-m/fpv4-sp/hard\libgcc.a(_arm_muldivdf3.o)
                0x0000d9f0                __aeabi_dmul
                0x0000d9f0                __muldf3
                0x0000dc44                __divdf3
                0x0000dc44                __aeabi_ddiv
 .text          0x0000de14      0x110 c:/matlab/add-ons/toolboxes/nxp_mbdtoolbox_s32k1xx/tools/gcc-6.3-arm32-eabi/bin/../lib/gcc/arm-none-eabi/6.3.1/thumb/v7e-m/fpv4-sp/hard\libgcc.a(_arm_cmpdf2.o)
                0x0000de14                __gtdf2
                0x0000de14                __gedf2
                0x0000de1c                __ltdf2
                0x0000de1c                __ledf2
                0x0000de24                __nedf2
                0x0000de24                __eqdf2
                0x0000de24                __cmpdf2
                0x0000dea0                __aeabi_cdrcmple
                0x0000deb0                __aeabi_cdcmpeq
                0x0000deb0                __aeabi_cdcmple
                0x0000dec0                __aeabi_dcmpeq
                0x0000ded4                __aeabi_dcmplt
                0x0000dee8                __aeabi_dcmple
                0x0000defc                __aeabi_dcmpge
                0x0000df10                __aeabi_dcmpgt
 .text          0x0000df24       0x2c c:/matlab/add-ons/toolboxes/nxp_mbdtoolbox_s32k1xx/tools/gcc-6.3-arm32-eabi/bin/../lib/gcc/arm-none-eabi/6.3.1/thumb/v7e-m/fpv4-sp/hard\libgcc.a(_arm_unorddf2.o)
                0x0000df24                __unorddf2
                0x0000df24                __aeabi_dcmpun
 .text          0x0000df50       0x50 c:/matlab/add-ons/toolboxes/nxp_mbdtoolbox_s32k1xx/tools/gcc-6.3-arm32-eabi/bin/../lib/gcc/arm-none-eabi/6.3.1/thumb/v7e-m/fpv4-sp/hard\libgcc.a(_arm_fixdfsi.o)
                0x0000df50                __aeabi_d2iz
                0x0000df50                __fixdfsi
 .text          0x0000dfa0       0xa0 c:/matlab/add-ons/toolboxes/nxp_mbdtoolbox_s32k1xx/tools/gcc-6.3-arm32-eabi/bin/../lib/gcc/arm-none-eabi/6.3.1/thumb/v7e-m/fpv4-sp/hard\libgcc.a(_arm_truncdfsf2.o)
                0x0000dfa0                __truncdfsf2
                0x0000dfa0                __aeabi_d2f
 .text          0x0000e040       0x30 c:/matlab/add-ons/toolboxes/nxp_mbdtoolbox_s32k1xx/tools/gcc-6.3-arm32-eabi/bin/../lib/gcc/arm-none-eabi/6.3.1/thumb/v7e-m/fpv4-sp/hard\libgcc.a(_aeabi_uldivmod.o)
                0x0000e040                __aeabi_uldivmod
 .text          0x0000e070      0x2e4 c:/matlab/add-ons/toolboxes/nxp_mbdtoolbox_s32k1xx/tools/gcc-6.3-arm32-eabi/bin/../lib/gcc/arm-none-eabi/6.3.1/thumb/v7e-m/fpv4-sp/hard\libgcc.a(_udivmoddi4.o)
                0x0000e070                __udivmoddi4
 .text          0x0000e354        0x4 c:/matlab/add-ons/toolboxes/nxp_mbdtoolbox_s32k1xx/tools/gcc-6.3-arm32-eabi/bin/../lib/gcc/arm-none-eabi/6.3.1/thumb/v7e-m/fpv4-sp/hard\libgcc.a(_dvmd_tls.o)
                0x0000e354                __aeabi_idiv0
                0x0000e354                __aeabi_ldiv0
 *(.text*)
 .text.cos      0x0000e358       0x88 C:/MATLAB/Add-Ons/Toolboxes/NXP_MBDToolbox_S32K1xx/tools/gcc-6.3-arm32-eabi/arm-none-eabi/newlib/lib/thumb/v7e-m/fpv4-sp/hard\libm.a(lib_a-s_cos.o)
                0x0000e358                cos
 .text.sin      0x0000e3e0       0x90 C:/MATLAB/Add-Ons/Toolboxes/NXP_MBDToolbox_S32K1xx/tools/gcc-6.3-arm32-eabi/arm-none-eabi/newlib/lib/thumb/v7e-m/fpv4-sp/hard\libm.a(lib_a-s_sin.o)
                0x0000e3e0                sin
 .text.fmod     0x0000e470       0xc8 C:/MATLAB/Add-Ons/Toolboxes/NXP_MBDToolbox_S32K1xx/tools/gcc-6.3-arm32-eabi/arm-none-eabi/newlib/lib/thumb/v7e-m/fpv4-sp/hard\libm.a(lib_a-w_fmod.o)
                0x0000e470                fmod
 .text.sqrt     0x0000e538       0xb4 C:/MATLAB/Add-Ons/Toolboxes/NXP_MBDToolbox_S32K1xx/tools/gcc-6.3-arm32-eabi/arm-none-eabi/newlib/lib/thumb/v7e-m/fpv4-sp/hard\libm.a(lib_a-w_sqrt.o)
                0x0000e538                sqrt
 .text.__ieee754_fmod
                0x0000e5ec      0x230 C:/MATLAB/Add-Ons/Toolboxes/NXP_MBDToolbox_S32K1xx/tools/gcc-6.3-arm32-eabi/arm-none-eabi/newlib/lib/thumb/v7e-m/fpv4-sp/hard\libm.a(lib_a-e_fmod.o)
                0x0000e5ec                __ieee754_fmod
 *fill*         0x0000e81c        0x4 
 .text.__ieee754_rem_pio2
                0x0000e820      0x3e4 C:/MATLAB/Add-Ons/Toolboxes/NXP_MBDToolbox_S32K1xx/tools/gcc-6.3-arm32-eabi/arm-none-eabi/newlib/lib/thumb/v7e-m/fpv4-sp/hard\libm.a(lib_a-e_rem_pio2.o)
                0x0000e820                __ieee754_rem_pio2
 .text.__ieee754_sqrt
                0x0000ec04      0x160 C:/MATLAB/Add-Ons/Toolboxes/NXP_MBDToolbox_S32K1xx/tools/gcc-6.3-arm32-eabi/arm-none-eabi/newlib/lib/thumb/v7e-m/fpv4-sp/hard\libm.a(lib_a-e_sqrt.o)
                0x0000ec04                __ieee754_sqrt
 *fill*         0x0000ed64        0x4 
 .text.__kernel_cos
                0x0000ed68      0x1cc C:/MATLAB/Add-Ons/Toolboxes/NXP_MBDToolbox_S32K1xx/tools/gcc-6.3-arm32-eabi/arm-none-eabi/newlib/lib/thumb/v7e-m/fpv4-sp/hard\libm.a(lib_a-k_cos.o)
                0x0000ed68                __kernel_cos
 *fill*         0x0000ef34        0x4 
 .text.__kernel_rem_pio2
                0x0000ef38      0x69c C:/MATLAB/Add-Ons/Toolboxes/NXP_MBDToolbox_S32K1xx/tools/gcc-6.3-arm32-eabi/arm-none-eabi/newlib/lib/thumb/v7e-m/fpv4-sp/hard\libm.a(lib_a-k_rem_pio2.o)
                0x0000ef38                __kernel_rem_pio2
 *fill*         0x0000f5d4        0x4 
 .text.__kernel_sin
                0x0000f5d8      0x174 C:/MATLAB/Add-Ons/Toolboxes/NXP_MBDToolbox_S32K1xx/tools/gcc-6.3-arm32-eabi/arm-none-eabi/newlib/lib/thumb/v7e-m/fpv4-sp/hard\libm.a(lib_a-k_sin.o)
                0x0000f5d8                __kernel_sin
 .text.fabs     0x0000f74c        0xe C:/MATLAB/Add-Ons/Toolboxes/NXP_MBDToolbox_S32K1xx/tools/gcc-6.3-arm32-eabi/arm-none-eabi/newlib/lib/thumb/v7e-m/fpv4-sp/hard\libm.a(lib_a-s_fabs.o)
                0x0000f74c                fabs
 *fill*         0x0000f75a        0x6 
 .text.floor    0x0000f760      0x108 C:/MATLAB/Add-Ons/Toolboxes/NXP_MBDToolbox_S32K1xx/tools/gcc-6.3-arm32-eabi/arm-none-eabi/newlib/lib/thumb/v7e-m/fpv4-sp/hard\libm.a(lib_a-s_floor.o)
                0x0000f760                floor
 .text.matherr  0x0000f868        0x4 C:/MATLAB/Add-Ons/Toolboxes/NXP_MBDToolbox_S32K1xx/tools/gcc-6.3-arm32-eabi/arm-none-eabi/newlib/lib/thumb/v7e-m/fpv4-sp/hard\libm.a(lib_a-s_matherr.o)
                0x0000f868                matherr
 *fill*         0x0000f86c        0x4 
 .text.scalbn   0x0000f870       0xf4 C:/MATLAB/Add-Ons/Toolboxes/NXP_MBDToolbox_S32K1xx/tools/gcc-6.3-arm32-eabi/arm-none-eabi/newlib/lib/thumb/v7e-m/fpv4-sp/hard\libm.a(lib_a-s_scalbn.o)
                0x0000f870                scalbn
 .text.copysign
                0x0000f964       0x1a C:/MATLAB/Add-Ons/Toolboxes/NXP_MBDToolbox_S32K1xx/tools/gcc-6.3-arm32-eabi/arm-none-eabi/newlib/lib/thumb/v7e-m/fpv4-sp/hard\libm.a(lib_a-s_copysign.o)
                0x0000f964                copysign
 *fill*         0x0000f97e        0x2 
 .text.__errno  0x0000f980        0xc C:/MATLAB/Add-Ons/Toolboxes/NXP_MBDToolbox_S32K1xx/tools/gcc-6.3-arm32-eabi/arm-none-eabi/newlib/lib/thumb/v7e-m/fpv4-sp/hard\libc.a(lib_a-errno.o)
                0x0000f980                __errno
 .text.memcpy   0x0000f98c       0x16 C:/MATLAB/Add-Ons/Toolboxes/NXP_MBDToolbox_S32K1xx/tools/gcc-6.3-arm32-eabi/arm-none-eabi/newlib/lib/thumb/v7e-m/fpv4-sp/hard\libc.a(lib_a-memcpy-stub.o)
                0x0000f98c                memcpy
 .text.memset   0x0000f9a2       0x10 C:/MATLAB/Add-Ons/Toolboxes/NXP_MBDToolbox_S32K1xx/tools/gcc-6.3-arm32-eabi/arm-none-eabi/newlib/lib/thumb/v7e-m/fpv4-sp/hard\libc.a(lib_a-memset.o)
                0x0000f9a2                memset
 *fill*         0x0000f9b2        0x2 
 .text.startup.register_fini
                0x0000f9b4       0x14 C:/MATLAB/Add-Ons/Toolboxes/NXP_MBDToolbox_S32K1xx/tools/gcc-6.3-arm32-eabi/arm-none-eabi/newlib/lib/thumb/v7e-m/fpv4-sp/hard\libc.a(lib_a-__call_atexit.o)
 .text.__libc_fini_array
                0x0000f9c8       0x28 C:/MATLAB/Add-Ons/Toolboxes/NXP_MBDToolbox_S32K1xx/tools/gcc-6.3-arm32-eabi/arm-none-eabi/newlib/lib/thumb/v7e-m/fpv4-sp/hard\libc.a(lib_a-fini.o)
                0x0000f9c8                __libc_fini_array
 .text.atexit   0x0000f9f0        0xc C:/MATLAB/Add-Ons/Toolboxes/NXP_MBDToolbox_S32K1xx/tools/gcc-6.3-arm32-eabi/arm-none-eabi/newlib/lib/thumb/v7e-m/fpv4-sp/hard\libc.a(lib_a-atexit.o)
                0x0000f9f0                atexit
 .text.__register_exitproc
                0x0000f9fc       0x98 C:/MATLAB/Add-Ons/Toolboxes/NXP_MBDToolbox_S32K1xx/tools/gcc-6.3-arm32-eabi/arm-none-eabi/newlib/lib/thumb/v7e-m/fpv4-sp/hard\libc.a(lib_a-__atexit.o)
                0x0000f9fc                __register_exitproc
 *(.rodata)
 .rodata        0x0000fa94       0x54 Final_project_template.o
                0x0000fae4                rtM
 .rodata        0x0000fae8        0x8 Final_project_template_data.o
                0x0000fae8                rtConstP
 .rodata        0x0000faf0        0xa adc_driver.o
 *fill*         0x0000fafa        0x2 
 .rodata        0x0000fafc      0x20d clock_S32K1xx.o
                0x0000fbf8                clockNameMappings
                0x0000fca8                peripheralFeaturesList
 *fill*         0x0000fd09        0x3 
 .rodata        0x0000fd0c       0x10 edma_driver.o
 .rodata        0x0000fd1c       0x22 flexcan_driver.o
 *fill*         0x0000fd3e        0x2 
 .rodata        0x0000fd40       0x41 flexcan_hw_access.o
 *fill*         0x0000fd81        0x3 
 .rodata        0x0000fd84       0x40 ftm_common.o
                0x0000fd84                g_ftmBase
                0x0000fd94                g_ftmOverflowIrqId
                0x0000fd98                g_ftmFaultIrqId
                0x0000fd9c                g_ftmReloadIrqId
                0x0000fda0                g_ftmIrqId
 .rodata        0x0000fdc4       0x13 lpuart_driver.o
 *fill*         0x0000fdd7        0x1 
 .rodata        0x0000fdd8       0x1c mbd_main.o
 *(.rodata*)
 .rodata.fmod.str1.1
                0x0000fdf4        0x5 C:/MATLAB/Add-Ons/Toolboxes/NXP_MBDToolbox_S32K1xx/tools/gcc-6.3-arm32-eabi/arm-none-eabi/newlib/lib/thumb/v7e-m/fpv4-sp/hard\libm.a(lib_a-w_fmod.o)
 .rodata.sqrt.str1.1
                0x0000fdf9        0x5 C:/MATLAB/Add-Ons/Toolboxes/NXP_MBDToolbox_S32K1xx/tools/gcc-6.3-arm32-eabi/arm-none-eabi/newlib/lib/thumb/v7e-m/fpv4-sp/hard\libm.a(lib_a-w_sqrt.o)
 *fill*         0x0000fdfe        0x2 
 .rodata.Zero   0x0000fe00       0x10 C:/MATLAB/Add-Ons/Toolboxes/NXP_MBDToolbox_S32K1xx/tools/gcc-6.3-arm32-eabi/arm-none-eabi/newlib/lib/thumb/v7e-m/fpv4-sp/hard\libm.a(lib_a-e_fmod.o)
 .rodata.npio2_hw
                0x0000fe10       0x80 C:/MATLAB/Add-Ons/Toolboxes/NXP_MBDToolbox_S32K1xx/tools/gcc-6.3-arm32-eabi/arm-none-eabi/newlib/lib/thumb/v7e-m/fpv4-sp/hard\libm.a(lib_a-e_rem_pio2.o)
 .rodata.two_over_pi
                0x0000fe90      0x108 C:/MATLAB/Add-Ons/Toolboxes/NXP_MBDToolbox_S32K1xx/tools/gcc-6.3-arm32-eabi/arm-none-eabi/newlib/lib/thumb/v7e-m/fpv4-sp/hard\libm.a(lib_a-e_rem_pio2.o)
 .rodata.PIo2   0x0000ff98       0x40 C:/MATLAB/Add-Ons/Toolboxes/NXP_MBDToolbox_S32K1xx/tools/gcc-6.3-arm32-eabi/arm-none-eabi/newlib/lib/thumb/v7e-m/fpv4-sp/hard\libm.a(lib_a-k_rem_pio2.o)
 .rodata.init_jk
                0x0000ffd8       0x10 C:/MATLAB/Add-Ons/Toolboxes/NXP_MBDToolbox_S32K1xx/tools/gcc-6.3-arm32-eabi/arm-none-eabi/newlib/lib/thumb/v7e-m/fpv4-sp/hard\libm.a(lib_a-k_rem_pio2.o)
 .rodata._global_impure_ptr
                0x0000ffe8        0x4 C:/MATLAB/Add-Ons/Toolboxes/NXP_MBDToolbox_S32K1xx/tools/gcc-6.3-arm32-eabi/arm-none-eabi/newlib/lib/thumb/v7e-m/fpv4-sp/hard\libc.a(lib_a-impure.o)
                0x0000ffe8                _global_impure_ptr
 *(.glue_7)
 .glue_7        0x0000ffec        0x0 linker stubs
 *(.glue_7t)
 .glue_7t       0x0000ffec        0x0 linker stubs
 *(.eh_frame)
 .eh_frame      0x0000ffec        0x0 c:/matlab/add-ons/toolboxes/nxp_mbdtoolbox_s32k1xx/tools/gcc-6.3-arm32-eabi/bin/../lib/gcc/arm-none-eabi/6.3.1/thumb/v7e-m/fpv4-sp/hard/crtbegin.o
 *(.init)
 .init          0x0000ffec        0x4 c:/matlab/add-ons/toolboxes/nxp_mbdtoolbox_s32k1xx/tools/gcc-6.3-arm32-eabi/bin/../lib/gcc/arm-none-eabi/6.3.1/thumb/v7e-m/fpv4-sp/hard/crti.o
                0x0000ffec                _init
 .init          0x0000fff0        0x8 c:/matlab/add-ons/toolboxes/nxp_mbdtoolbox_s32k1xx/tools/gcc-6.3-arm32-eabi/bin/../lib/gcc/arm-none-eabi/6.3.1/thumb/v7e-m/fpv4-sp/hard/crtn.o
 *(.fini)
 .fini          0x0000fff8        0x4 c:/matlab/add-ons/toolboxes/nxp_mbdtoolbox_s32k1xx/tools/gcc-6.3-arm32-eabi/bin/../lib/gcc/arm-none-eabi/6.3.1/thumb/v7e-m/fpv4-sp/hard/crti.o
                0x0000fff8                _fini
 .fini          0x0000fffc        0x8 c:/matlab/add-ons/toolboxes/nxp_mbdtoolbox_s32k1xx/tools/gcc-6.3-arm32-eabi/bin/../lib/gcc/arm-none-eabi/6.3.1/thumb/v7e-m/fpv4-sp/hard/crtn.o
                0x00010004                . = ALIGN (0x4)

.vfp11_veneer   0x00010004        0x0
 .vfp11_veneer  0x00010004        0x0 linker stubs

.v4_bx          0x00010004        0x0
 .v4_bx         0x00010004        0x0 linker stubs

.iplt           0x00010004        0x0
 .iplt          0x00010004        0x0 c:/matlab/add-ons/toolboxes/nxp_mbdtoolbox_s32k1xx/tools/gcc-6.3-arm32-eabi/bin/../lib/gcc/arm-none-eabi/6.3.1/thumb/v7e-m/fpv4-sp/hard/crtbegin.o

.ARM.extab
 *(.ARM.extab* .gnu.linkonce.armextab.*)

.ARM            0x00010004        0x8
                0x00010004                __exidx_start = .
 *(.ARM.exidx*)
 .ARM.exidx     0x00010004        0x8 c:/matlab/add-ons/toolboxes/nxp_mbdtoolbox_s32k1xx/tools/gcc-6.3-arm32-eabi/bin/../lib/gcc/arm-none-eabi/6.3.1/thumb/v7e-m/fpv4-sp/hard\libgcc.a(_udivmoddi4.o)
                0x0001000c                __exidx_end = .

.rel.dyn        0x0001000c        0x0
 .rel.iplt      0x0001000c        0x0 c:/matlab/add-ons/toolboxes/nxp_mbdtoolbox_s32k1xx/tools/gcc-6.3-arm32-eabi/bin/../lib/gcc/arm-none-eabi/6.3.1/thumb/v7e-m/fpv4-sp/hard/crtbegin.o

.ctors          0x0001000c        0x0
                0x0001000c                __CTOR_LIST__ = .
 *crtbegin.o(.ctors)
 *crtbegin?.o(.ctors)
 *(EXCLUDE_FILE(*crtend.o *crtend?.o) .ctors)
 *(SORT(.ctors.*))
 *(.ctors)
                0x0001000c                __CTOR_END__ = .

.dtors          0x0001000c        0x0
                0x0001000c                __DTOR_LIST__ = .
 *crtbegin.o(.dtors)
 *crtbegin?.o(.dtors)
 *(EXCLUDE_FILE(*crtend.o *crtend?.o) .dtors)
 *(SORT(.dtors.*))
 *(.dtors)
                0x0001000c                __DTOR_END__ = .

.preinit_array  0x0001000c        0x0
                0x0001000c                PROVIDE (__preinit_array_start, .)
 *(.preinit_array*)
                0x0001000c                PROVIDE (__preinit_array_end, .)

.init_array     0x0001000c        0x8
                0x0001000c                PROVIDE (__init_array_start, .)
 *(SORT(.init_array.*))
 .init_array.00000
                0x0001000c        0x4 C:/MATLAB/Add-Ons/Toolboxes/NXP_MBDToolbox_S32K1xx/tools/gcc-6.3-arm32-eabi/arm-none-eabi/newlib/lib/thumb/v7e-m/fpv4-sp/hard\libc.a(lib_a-__call_atexit.o)
 *(.init_array*)
 .init_array    0x00010010        0x4 c:/matlab/add-ons/toolboxes/nxp_mbdtoolbox_s32k1xx/tools/gcc-6.3-arm32-eabi/bin/../lib/gcc/arm-none-eabi/6.3.1/thumb/v7e-m/fpv4-sp/hard/crtbegin.o
                0x00010014                PROVIDE (__init_array_end, .)

.fini_array     0x00010014        0x4
                0x00010014                PROVIDE (__fini_array_start, .)
 *(SORT(.fini_array.*))
 *(.fini_array*)
 .fini_array    0x00010014        0x4 c:/matlab/add-ons/toolboxes/nxp_mbdtoolbox_s32k1xx/tools/gcc-6.3-arm32-eabi/bin/../lib/gcc/arm-none-eabi/6.3.1/thumb/v7e-m/fpv4-sp/hard/crtbegin.o
                0x00010018                PROVIDE (__fini_array_end, .)
                0x00010018                __etext = .
                0x00010018                __DATA_ROM = .

.interrupts_ram
                0x1fff9000      0x400
                0x1fff9000                . = ALIGN (0x4)
                0x1fff9000                __VECTOR_RAM__ = .
                0x1fff9000                __RAM_START = .
                0x1fff9000                __interrupts_ram_start__ = .
 *(.m_interrupts_ram)
                0x1fff9400                . = (. + M_VECTOR_RAM_SIZE)
 *fill*         0x1fff9000      0x400 
                0x1fff9400                . = ALIGN (0x4)
                0x1fff9400                __interrupts_ram_end__ = .
                0x1fff9000                __VECTOR_RAM = DEFINED (__flash_vector_table__)?ORIGIN (m_interrupts):__VECTOR_RAM__
                0x00000400                __RAM_VECTOR_TABLE_SIZE = DEFINED (__flash_vector_table__)?0x0:(__interrupts_ram_end__ - __interrupts_ram_start__)

.data           0x1fff9400      0xd54 load address 0x00010018
                0x1fff9400                . = ALIGN (0x4)
                0x1fff9400                __DATA_RAM = .
                0x1fff9400                __data_start__ = .
 *(.data)
 .data          0x1fff9400       0xa0 clock_S32K1xx.o
 .data          0x1fff94a0       0x50 ftm0_pwm_params.o
                0x1fff94a0                flexTimer_pwm0_InitConfig
                0x1fff94b4                flexTimer_pwm0_PwmConfig
                0x1fff94cc                flexTimer_pwm0_IndependentChannelsConfig
                0x1fff94e0                flexTimer_pwm0_FaultConfig
 .data          0x1fff94f0       0x1e ftm2_qd_params_config.o
                0x1fff94f0                ftm2_qd_Params
                0x1fff94fc                ftm2_qd_InitConfig
 *fill*         0x1fff950e        0x2 
 .data          0x1fff9510       0x48 ftm3_pwm_params.o
                0x1fff9510                flexTimer_pwm3_InitConfig
                0x1fff9524                flexTimer_pwm3_PwmConfig
                0x1fff953c                flexTimer_pwm3_IndependentChannelsConfig
                0x1fff9548                flexTimer_pwm3_FaultConfig
 .data          0x1fff9558        0xc lpuart_irq.o
                0x1fff9558                g_lpuartIsr
 .data          0x1fff9564        0x1 osif_baremetal.o
 *fill*         0x1fff9565        0x3 
 .data          0x1fff9568      0x7c0 path_data.o
                0x1fff9568                rs
 .data          0x1fff9d28        0x4 system_S32K144.o
                0x1fff9d28                SystemCoreClock
 *(.data*)
 .data.__fdlib_version
                0x1fff9d2c        0x1 C:/MATLAB/Add-Ons/Toolboxes/NXP_MBDToolbox_S32K1xx/tools/gcc-6.3-arm32-eabi/arm-none-eabi/newlib/lib/thumb/v7e-m/fpv4-sp/hard\libm.a(lib_a-s_lib_ver.o)
                0x1fff9d2c                __fdlib_version
 *fill*         0x1fff9d2d        0x3 
 .data._impure_ptr
                0x1fff9d30        0x4 C:/MATLAB/Add-Ons/Toolboxes/NXP_MBDToolbox_S32K1xx/tools/gcc-6.3-arm32-eabi/arm-none-eabi/newlib/lib/thumb/v7e-m/fpv4-sp/hard\libc.a(lib_a-impure.o)
                0x1fff9d30                _impure_ptr
 *fill*         0x1fff9d34        0x4 
 .data.impure_data
                0x1fff9d38      0x418 C:/MATLAB/Add-Ons/Toolboxes/NXP_MBDToolbox_S32K1xx/tools/gcc-6.3-arm32-eabi/arm-none-eabi/newlib/lib/thumb/v7e-m/fpv4-sp/hard\libc.a(lib_a-impure.o)
 *(.jcr*)
 .jcr           0x1fffa150        0x0 c:/matlab/add-ons/toolboxes/nxp_mbdtoolbox_s32k1xx/tools/gcc-6.3-arm32-eabi/bin/../lib/gcc/arm-none-eabi/6.3.1/thumb/v7e-m/fpv4-sp/hard/crtbegin.o
 .jcr           0x1fffa150        0x4 c:/matlab/add-ons/toolboxes/nxp_mbdtoolbox_s32k1xx/tools/gcc-6.3-arm32-eabi/bin/../lib/gcc/arm-none-eabi/6.3.1/thumb/v7e-m/fpv4-sp/hard/crtend.o
                0x1fffa154                . = ALIGN (0x4)
                0x1fffa154                __data_end__ = .
                0x00010d6c                __DATA_END = (__DATA_ROM + (__data_end__ - __data_start__))
                0x00010d6c                __CODE_ROM = __DATA_END

.tm_clone_table
                0x1fffa154        0x0 load address 0x00010d6c
 .tm_clone_table
                0x1fffa154        0x0 c:/matlab/add-ons/toolboxes/nxp_mbdtoolbox_s32k1xx/tools/gcc-6.3-arm32-eabi/bin/../lib/gcc/arm-none-eabi/6.3.1/thumb/v7e-m/fpv4-sp/hard/crtbegin.o
 .tm_clone_table
                0x1fffa154        0x0 c:/matlab/add-ons/toolboxes/nxp_mbdtoolbox_s32k1xx/tools/gcc-6.3-arm32-eabi/bin/../lib/gcc/arm-none-eabi/6.3.1/thumb/v7e-m/fpv4-sp/hard/crtend.o

.igot.plt       0x1fffa154        0x0 load address 0x00010d6c
 .igot.plt      0x1fffa154        0x0 c:/matlab/add-ons/toolboxes/nxp_mbdtoolbox_s32k1xx/tools/gcc-6.3-arm32-eabi/bin/../lib/gcc/arm-none-eabi/6.3.1/thumb/v7e-m/fpv4-sp/hard/crtbegin.o

.code           0x1fffa154        0x0 load address 0x00010d6c
                0x1fffa154                . = ALIGN (0x4)
                0x1fffa154                __CODE_RAM = .
                0x1fffa154                __code_start__ = .
                0x1fffa154                __code_ram_start__ = .
 *(.code_ram)
                0x1fffa154                . = ALIGN (0x4)
                0x1fffa154                __code_end__ = .
                0x1fffa154                __code_ram_end__ = .
                0x00010d6c                __CODE_END = (__CODE_ROM + (__code_end__ - __code_start__))
                0x00010d6c                __CUSTOM_ROM = __CODE_END

.customSectionBlock
                0x20000000        0x0 load address 0x00010d6c
                0x20000000                __customSection_start__ = .
 *(.customSection)
                0x20000000                __customSection_end__ = .
                0x00010d6c                __CUSTOM_END = (__CUSTOM_ROM + (__customSection_end__ - __customSection_start__))

.bss            0x20000000      0xdd4
                0x20000000                . = ALIGN (0x4)
                0x20000000                __BSS_START = .
                0x20000000                __bss_start__ = .
 *(.bss)
 .bss           0x20000000       0x1c c:/matlab/add-ons/toolboxes/nxp_mbdtoolbox_s32k1xx/tools/gcc-6.3-arm32-eabi/bin/../lib/gcc/arm-none-eabi/6.3.1/thumb/v7e-m/fpv4-sp/hard/crtbegin.o
 .bss           0x2000001c       0x94 Final_project_template.o
 .bss           0x200000b0       0x10 clock_S32K1xx.o
 .bss           0x200000c0        0x4 edma_driver.o
 .bss           0x200000c4        0xc flexcan_driver.o
 .bss           0x200000d0       0x11 ftm_common.o
                0x200000d0                ftmStatePtr
                0x200000e0                faultDetection
 *fill*         0x200000e1        0x3 
 .bss           0x200000e4       0x80 ftm_fault_irq.o
 .bss           0x20000164        0x4 interrupt_manager.o
 .bss           0x20000168        0x4 lpit_driver.o
 .bss           0x2000016c        0xc lpuart_driver.o
 .bss           0x20000178       0x80 mbd_adc_irq.o
 .bss           0x200001f8        0x4 osif_baremetal.o
 .bss           0x200001fc        0xc power_manager_S32K1xx.o
 *(.bss*)
 *(COMMON)
 COMMON         0x20000208      0xae8 Final_project_template.o
                0x20000208                canCom0_recvBuff15
                0x20000254                canCom0_recvBuff3
                0x200002a0                rtM_
                0x200002b0                canCom0_recvBuff12
                0x200002fc                canCom0_recvBuff6
                0x20000348                canCom0_recvBuff13
                0x20000394                canCom0_recvBuff9
                0x200003e0                canCom0_recvBuff7
                0x2000042c                canCom0_recvBuff16
                0x20000478                canCom0_recvBuff8
                0x200004c4                canCom0_recvBuff10
                0x20000510                canCom0_recvBuff11
                0x20000560                rtDW
                0x20000740                canCom0_recvBuff2
                0x2000078c                canCom0_recvBuff5
                0x200007d8                rtB
                0x20000af4                canCom0_State
                0x20000c08                rtPrevZCX
                0x20000c0c                canCom0_recvBuff14
                0x20000c58                canCom0_recvBuff17
                0x20000ca4                canCom0_recvBuff4
 COMMON         0x20000cf0       0x14 clock_S32K1xx.o
                0x20000cf0                g_xtal0ClkFreq
                0x20000cf4                g_RtcClkInFreq
                0x20000cf8                g_TClkFreq
 COMMON         0x20000d04       0x60 ftm0_pwm_params.o
                0x20000d04                ftmStateStruct0
 COMMON         0x20000d64       0x60 ftm3_pwm_params.o
                0x20000d64                ftmStateStruct3
 COMMON         0x20000dc4       0x10 power_manager_S32K1xx.o
                0x20000dc4                gPowerManagerState
                0x20000dd4                . = ALIGN (0x4)
                0x20000dd4                __bss_end__ = .
                0x20000dd4                __BSS_END = .

.heap           0x20000dd4      0x404
                0x20000dd8                . = ALIGN (0x8)
 *fill*         0x20000dd4        0x4 
                0x20000dd8                __end__ = .
                0x20000dd8                __heap_start__ = .
                [!provide]                PROVIDE (end, .)
                [!provide]                PROVIDE (_end, .)
                [!provide]                PROVIDE (__end, .)
                0x20000dd8                __HeapBase = .
                0x200011d8                . = (. + HEAP_SIZE)
 *fill*         0x20000dd8      0x400 
                0x200011d8                __HeapLimit = .
                0x200011d8                __heap_limit = .
                0x200011d8                __heap_end__ = .
                0x20004000                __StackTop = (ORIGIN (m_data_2) + LENGTH (m_data_2))
                0x20003c00                __StackLimit = (__StackTop - STACK_SIZE)
                0x20004000                PROVIDE (__stack, __StackTop)
                0x20004000                __RAM_END = __StackTop

.stack          0x20003c00      0x400
                0x20003c00                . = ALIGN (0x8)
                0x20003c00                __stack_start__ = .
                0x20004000                . = (. + STACK_SIZE)
 *fill*         0x20003c00      0x400 
                0x20004000                __stack_end__ = .

.ARM.attributes
                0x00000000       0x30
 *(.ARM.attributes)
 .ARM.attributes
                0x00000000       0x22 c:/matlab/add-ons/toolboxes/nxp_mbdtoolbox_s32k1xx/tools/gcc-6.3-arm32-eabi/bin/../lib/gcc/arm-none-eabi/6.3.1/thumb/v7e-m/fpv4-sp/hard/crti.o
 .ARM.attributes
                0x00000022       0x34 c:/matlab/add-ons/toolboxes/nxp_mbdtoolbox_s32k1xx/tools/gcc-6.3-arm32-eabi/bin/../lib/gcc/arm-none-eabi/6.3.1/thumb/v7e-m/fpv4-sp/hard/crtbegin.o
 .ARM.attributes
                0x00000056       0x1f startup_S32K144.o
 .ARM.attributes
                0x00000075       0x39 Final_project_template.o
 .ARM.attributes
                0x000000ae       0x39 Final_project_template_data.o
 .ARM.attributes
                0x000000e7       0x39 Pick_lead_wrapper.o
 .ARM.attributes
                0x00000120       0x39 adc_driver.o
 .ARM.attributes
                0x00000159       0x39 bicycle_model_wrapper.o
 .ARM.attributes
                0x00000192       0x39 calc_us_wrapper.o
 .ARM.attributes
                0x000001cb       0x39 clock_S32K1xx.o
 .ARM.attributes
                0x00000204       0x39 edma_driver.o
 .ARM.attributes
                0x0000023d       0x39 edma_hw_access.o
 .ARM.attributes
                0x00000276       0x39 edma_irq.o
 .ARM.attributes
                0x000002af       0x39 fcan0_s32k_rx_isr.o
 .ARM.attributes
                0x000002e8       0x39 flexcan_driver.o
 .ARM.attributes
                0x00000321       0x39 flexcan_hw_access.o
 .ARM.attributes
                0x0000035a       0x39 flexcan_irq.o
 .ARM.attributes
                0x00000393       0x39 ftm0_pwm_params.o
 .ARM.attributes
                0x000003cc       0x39 ftm2_qd_params_config.o
 .ARM.attributes
                0x00000405       0x39 ftm3_pwm_params.o
 .ARM.attributes
                0x0000043e       0x39 ftm_common.o
 .ARM.attributes
                0x00000477       0x39 ftm_fault_irq.o
 .ARM.attributes
                0x000004b0       0x39 ftm_hw_access.o
 .ARM.attributes
                0x000004e9       0x39 ftm_ic_driver.o
 .ARM.attributes
                0x00000522       0x39 ftm_pwm_driver.o
 .ARM.attributes
                0x0000055b       0x39 ftm_qd_driver.o
 .ARM.attributes
                0x00000594       0x39 interrupt_manager.o
 .ARM.attributes
                0x000005cd       0x39 lpit_driver.o
 .ARM.attributes
                0x00000606       0x39 lpuart_driver.o
 .ARM.attributes
                0x0000063f       0x39 lpuart_hw_access.o
 .ARM.attributes
                0x00000678       0x39 lpuart_irq.o
 .ARM.attributes
                0x000006b1       0x39 mbd_adc_irq.o
 .ARM.attributes
                0x000006ea       0x39 mbd_main.o
 .ARM.attributes
                0x00000723       0x39 osif_baremetal.o
 .ARM.attributes
                0x0000075c       0x39 path_data.o
 .ARM.attributes
                0x00000795       0x39 pins_driver.o
 .ARM.attributes
                0x000007ce       0x39 pins_port_hw_access.o
 .ARM.attributes
                0x00000807       0x39 power_manager.o
 .ARM.attributes
                0x00000840       0x39 power_manager_S32K1xx.o
 .ARM.attributes
                0x00000879       0x39 power_smc_hw_access.o
 .ARM.attributes
                0x000008b2       0x39 s32k_clock_init.o
 .ARM.attributes
                0x000008eb       0x39 startup.o
 .ARM.attributes
                0x00000924       0x39 system_S32K144.o
 .ARM.attributes
                0x0000095d       0x34 C:/MATLAB/Add-Ons/Toolboxes/NXP_MBDToolbox_S32K1xx/tools/gcc-6.3-arm32-eabi/arm-none-eabi/newlib/lib/thumb/v7e-m/fpv4-sp/hard\libm.a(lib_a-s_cos.o)
 .ARM.attributes
                0x00000991       0x34 C:/MATLAB/Add-Ons/Toolboxes/NXP_MBDToolbox_S32K1xx/tools/gcc-6.3-arm32-eabi/arm-none-eabi/newlib/lib/thumb/v7e-m/fpv4-sp/hard\libm.a(lib_a-s_sin.o)
 .ARM.attributes
                0x000009c5       0x34 C:/MATLAB/Add-Ons/Toolboxes/NXP_MBDToolbox_S32K1xx/tools/gcc-6.3-arm32-eabi/arm-none-eabi/newlib/lib/thumb/v7e-m/fpv4-sp/hard\libm.a(lib_a-w_fmod.o)
 .ARM.attributes
                0x000009f9       0x34 C:/MATLAB/Add-Ons/Toolboxes/NXP_MBDToolbox_S32K1xx/tools/gcc-6.3-arm32-eabi/arm-none-eabi/newlib/lib/thumb/v7e-m/fpv4-sp/hard\libm.a(lib_a-w_sqrt.o)
 .ARM.attributes
                0x00000a2d       0x34 C:/MATLAB/Add-Ons/Toolboxes/NXP_MBDToolbox_S32K1xx/tools/gcc-6.3-arm32-eabi/arm-none-eabi/newlib/lib/thumb/v7e-m/fpv4-sp/hard\libm.a(lib_a-e_fmod.o)
 .ARM.attributes
                0x00000a61       0x34 C:/MATLAB/Add-Ons/Toolboxes/NXP_MBDToolbox_S32K1xx/tools/gcc-6.3-arm32-eabi/arm-none-eabi/newlib/lib/thumb/v7e-m/fpv4-sp/hard\libm.a(lib_a-e_rem_pio2.o)
 .ARM.attributes
                0x00000a95       0x34 C:/MATLAB/Add-Ons/Toolboxes/NXP_MBDToolbox_S32K1xx/tools/gcc-6.3-arm32-eabi/arm-none-eabi/newlib/lib/thumb/v7e-m/fpv4-sp/hard\libm.a(lib_a-e_sqrt.o)
 .ARM.attributes
                0x00000ac9       0x34 C:/MATLAB/Add-Ons/Toolboxes/NXP_MBDToolbox_S32K1xx/tools/gcc-6.3-arm32-eabi/arm-none-eabi/newlib/lib/thumb/v7e-m/fpv4-sp/hard\libm.a(lib_a-k_cos.o)
 .ARM.attributes
                0x00000afd       0x34 C:/MATLAB/Add-Ons/Toolboxes/NXP_MBDToolbox_S32K1xx/tools/gcc-6.3-arm32-eabi/arm-none-eabi/newlib/lib/thumb/v7e-m/fpv4-sp/hard\libm.a(lib_a-k_rem_pio2.o)
 .ARM.attributes
                0x00000b31       0x34 C:/MATLAB/Add-Ons/Toolboxes/NXP_MBDToolbox_S32K1xx/tools/gcc-6.3-arm32-eabi/arm-none-eabi/newlib/lib/thumb/v7e-m/fpv4-sp/hard\libm.a(lib_a-k_sin.o)
 .ARM.attributes
                0x00000b65       0x34 C:/MATLAB/Add-Ons/Toolboxes/NXP_MBDToolbox_S32K1xx/tools/gcc-6.3-arm32-eabi/arm-none-eabi/newlib/lib/thumb/v7e-m/fpv4-sp/hard\libm.a(lib_a-s_fabs.o)
 .ARM.attributes
                0x00000b99       0x34 C:/MATLAB/Add-Ons/Toolboxes/NXP_MBDToolbox_S32K1xx/tools/gcc-6.3-arm32-eabi/arm-none-eabi/newlib/lib/thumb/v7e-m/fpv4-sp/hard\libm.a(lib_a-s_floor.o)
 .ARM.attributes
                0x00000bcd       0x34 C:/MATLAB/Add-Ons/Toolboxes/NXP_MBDToolbox_S32K1xx/tools/gcc-6.3-arm32-eabi/arm-none-eabi/newlib/lib/thumb/v7e-m/fpv4-sp/hard\libm.a(lib_a-s_lib_ver.o)
 .ARM.attributes
                0x00000c01       0x34 C:/MATLAB/Add-Ons/Toolboxes/NXP_MBDToolbox_S32K1xx/tools/gcc-6.3-arm32-eabi/arm-none-eabi/newlib/lib/thumb/v7e-m/fpv4-sp/hard\libm.a(lib_a-s_matherr.o)
 .ARM.attributes
                0x00000c35       0x34 C:/MATLAB/Add-Ons/Toolboxes/NXP_MBDToolbox_S32K1xx/tools/gcc-6.3-arm32-eabi/arm-none-eabi/newlib/lib/thumb/v7e-m/fpv4-sp/hard\libm.a(lib_a-s_scalbn.o)
 .ARM.attributes
                0x00000c69       0x34 C:/MATLAB/Add-Ons/Toolboxes/NXP_MBDToolbox_S32K1xx/tools/gcc-6.3-arm32-eabi/arm-none-eabi/newlib/lib/thumb/v7e-m/fpv4-sp/hard\libm.a(lib_a-s_copysign.o)
 .ARM.attributes
                0x00000c9d       0x22 c:/matlab/add-ons/toolboxes/nxp_mbdtoolbox_s32k1xx/tools/gcc-6.3-arm32-eabi/bin/../lib/gcc/arm-none-eabi/6.3.1/thumb/v7e-m/fpv4-sp/hard\libgcc.a(_arm_addsubdf3.o)
 .ARM.attributes
                0x00000cbf       0x22 c:/matlab/add-ons/toolboxes/nxp_mbdtoolbox_s32k1xx/tools/gcc-6.3-arm32-eabi/bin/../lib/gcc/arm-none-eabi/6.3.1/thumb/v7e-m/fpv4-sp/hard\libgcc.a(_arm_muldivdf3.o)
 .ARM.attributes
                0x00000ce1       0x22 c:/matlab/add-ons/toolboxes/nxp_mbdtoolbox_s32k1xx/tools/gcc-6.3-arm32-eabi/bin/../lib/gcc/arm-none-eabi/6.3.1/thumb/v7e-m/fpv4-sp/hard\libgcc.a(_arm_cmpdf2.o)
 .ARM.attributes
                0x00000d03       0x22 c:/matlab/add-ons/toolboxes/nxp_mbdtoolbox_s32k1xx/tools/gcc-6.3-arm32-eabi/bin/../lib/gcc/arm-none-eabi/6.3.1/thumb/v7e-m/fpv4-sp/hard\libgcc.a(_arm_unorddf2.o)
 .ARM.attributes
                0x00000d25       0x22 c:/matlab/add-ons/toolboxes/nxp_mbdtoolbox_s32k1xx/tools/gcc-6.3-arm32-eabi/bin/../lib/gcc/arm-none-eabi/6.3.1/thumb/v7e-m/fpv4-sp/hard\libgcc.a(_arm_fixdfsi.o)
 .ARM.attributes
                0x00000d47       0x22 c:/matlab/add-ons/toolboxes/nxp_mbdtoolbox_s32k1xx/tools/gcc-6.3-arm32-eabi/bin/../lib/gcc/arm-none-eabi/6.3.1/thumb/v7e-m/fpv4-sp/hard\libgcc.a(_arm_truncdfsf2.o)
 .ARM.attributes
                0x00000d69       0x22 c:/matlab/add-ons/toolboxes/nxp_mbdtoolbox_s32k1xx/tools/gcc-6.3-arm32-eabi/bin/../lib/gcc/arm-none-eabi/6.3.1/thumb/v7e-m/fpv4-sp/hard\libgcc.a(_aeabi_uldivmod.o)
 .ARM.attributes
                0x00000d8b       0x34 c:/matlab/add-ons/toolboxes/nxp_mbdtoolbox_s32k1xx/tools/gcc-6.3-arm32-eabi/bin/../lib/gcc/arm-none-eabi/6.3.1/thumb/v7e-m/fpv4-sp/hard\libgcc.a(_udivmoddi4.o)
 .ARM.attributes
                0x00000dbf       0x22 c:/matlab/add-ons/toolboxes/nxp_mbdtoolbox_s32k1xx/tools/gcc-6.3-arm32-eabi/bin/../lib/gcc/arm-none-eabi/6.3.1/thumb/v7e-m/fpv4-sp/hard\libgcc.a(_dvmd_tls.o)
 .ARM.attributes
                0x00000de1       0x34 C:/MATLAB/Add-Ons/Toolboxes/NXP_MBDToolbox_S32K1xx/tools/gcc-6.3-arm32-eabi/arm-none-eabi/newlib/lib/thumb/v7e-m/fpv4-sp/hard\libc.a(lib_a-errno.o)
 .ARM.attributes
                0x00000e15       0x34 C:/MATLAB/Add-Ons/Toolboxes/NXP_MBDToolbox_S32K1xx/tools/gcc-6.3-arm32-eabi/arm-none-eabi/newlib/lib/thumb/v7e-m/fpv4-sp/hard\libc.a(lib_a-impure.o)
 .ARM.attributes
                0x00000e49       0x34 C:/MATLAB/Add-Ons/Toolboxes/NXP_MBDToolbox_S32K1xx/tools/gcc-6.3-arm32-eabi/arm-none-eabi/newlib/lib/thumb/v7e-m/fpv4-sp/hard\libc.a(lib_a-memcpy-stub.o)
 .ARM.attributes
                0x00000e7d       0x34 C:/MATLAB/Add-Ons/Toolboxes/NXP_MBDToolbox_S32K1xx/tools/gcc-6.3-arm32-eabi/arm-none-eabi/newlib/lib/thumb/v7e-m/fpv4-sp/hard\libc.a(lib_a-memset.o)
 .ARM.attributes
                0x00000eb1       0x34 C:/MATLAB/Add-Ons/Toolboxes/NXP_MBDToolbox_S32K1xx/tools/gcc-6.3-arm32-eabi/arm-none-eabi/newlib/lib/thumb/v7e-m/fpv4-sp/hard\libc.a(lib_a-__call_atexit.o)
 .ARM.attributes
                0x00000ee5       0x34 C:/MATLAB/Add-Ons/Toolboxes/NXP_MBDToolbox_S32K1xx/tools/gcc-6.3-arm32-eabi/arm-none-eabi/newlib/lib/thumb/v7e-m/fpv4-sp/hard\libc.a(lib_a-fini.o)
 .ARM.attributes
                0x00000f19       0x34 C:/MATLAB/Add-Ons/Toolboxes/NXP_MBDToolbox_S32K1xx/tools/gcc-6.3-arm32-eabi/arm-none-eabi/newlib/lib/thumb/v7e-m/fpv4-sp/hard\libc.a(lib_a-atexit.o)
 .ARM.attributes
                0x00000f4d       0x34 C:/MATLAB/Add-Ons/Toolboxes/NXP_MBDToolbox_S32K1xx/tools/gcc-6.3-arm32-eabi/arm-none-eabi/newlib/lib/thumb/v7e-m/fpv4-sp/hard\libc.a(lib_a-__atexit.o)
 .ARM.attributes
                0x00000f81       0x34 c:/matlab/add-ons/toolboxes/nxp_mbdtoolbox_s32k1xx/tools/gcc-6.3-arm32-eabi/bin/../lib/gcc/arm-none-eabi/6.3.1/thumb/v7e-m/fpv4-sp/hard/crtend.o
 .ARM.attributes
                0x00000fb5       0x22 c:/matlab/add-ons/toolboxes/nxp_mbdtoolbox_s32k1xx/tools/gcc-6.3-arm32-eabi/bin/../lib/gcc/arm-none-eabi/6.3.1/thumb/v7e-m/fpv4-sp/hard/crtn.o
                0x00000001                ASSERT ((__StackLimit >= __HeapLimit), region m_data_2 overflowed with stack and heap)
OUTPUT(Final_project_template.elf elf32-littlearm)

.comment        0x00000000       0xa0
 .comment       0x00000000       0xa0 c:/matlab/add-ons/toolboxes/nxp_mbdtoolbox_s32k1xx/tools/gcc-6.3-arm32-eabi/bin/../lib/gcc/arm-none-eabi/6.3.1/thumb/v7e-m/fpv4-sp/hard/crtbegin.o
                                 0xa1 (size before relaxing)
 .comment       0x000000a0       0xa1 Final_project_template.o
 .comment       0x000000a0       0xa1 Final_project_template_data.o
 .comment       0x000000a0       0xa1 Pick_lead_wrapper.o
 .comment       0x000000a0       0xa1 adc_driver.o
 .comment       0x000000a0       0xa1 bicycle_model_wrapper.o
 .comment       0x000000a0       0xa1 calc_us_wrapper.o
 .comment       0x000000a0       0xa1 clock_S32K1xx.o
 .comment       0x000000a0       0xa1 edma_driver.o
 .comment       0x000000a0       0xa1 edma_hw_access.o
 .comment       0x000000a0       0xa1 edma_irq.o
 .comment       0x000000a0       0xa1 fcan0_s32k_rx_isr.o
 .comment       0x000000a0       0xa1 flexcan_driver.o
 .comment       0x000000a0       0xa1 flexcan_hw_access.o
 .comment       0x000000a0       0xa1 flexcan_irq.o
 .comment       0x000000a0       0xa1 ftm0_pwm_params.o
 .comment       0x000000a0       0xa1 ftm2_qd_params_config.o
 .comment       0x000000a0       0xa1 ftm3_pwm_params.o
 .comment       0x000000a0       0xa1 ftm_common.o
 .comment       0x000000a0       0xa1 ftm_fault_irq.o
 .comment       0x000000a0       0xa1 ftm_hw_access.o
 .comment       0x000000a0       0xa1 ftm_ic_driver.o
 .comment       0x000000a0       0xa1 ftm_pwm_driver.o
 .comment       0x000000a0       0xa1 ftm_qd_driver.o
 .comment       0x000000a0       0xa1 interrupt_manager.o
 .comment       0x000000a0       0xa1 lpit_driver.o
 .comment       0x000000a0       0xa1 lpuart_driver.o
 .comment       0x000000a0       0xa1 lpuart_hw_access.o
 .comment       0x000000a0       0xa1 lpuart_irq.o
 .comment       0x000000a0       0xa1 mbd_adc_irq.o
 .comment       0x000000a0       0xa1 mbd_main.o
 .comment       0x000000a0       0xa1 osif_baremetal.o
 .comment       0x000000a0       0xa1 path_data.o
 .comment       0x000000a0       0xa1 pins_driver.o
 .comment       0x000000a0       0xa1 pins_port_hw_access.o
 .comment       0x000000a0       0xa1 power_manager.o
 .comment       0x000000a0       0xa1 power_manager_S32K1xx.o
 .comment       0x000000a0       0xa1 power_smc_hw_access.o
 .comment       0x000000a0       0xa1 s32k_clock_init.o
 .comment       0x000000a0       0xa1 startup.o
 .comment       0x000000a0       0xa1 system_S32K144.o
 .comment       0x000000a0       0xa1 c:/matlab/add-ons/toolboxes/nxp_mbdtoolbox_s32k1xx/tools/gcc-6.3-arm32-eabi/bin/../lib/gcc/arm-none-eabi/6.3.1/thumb/v7e-m/fpv4-sp/hard/crtend.o

.debug_line     0x00000000     0x93d6
 .debug_line    0x00000000       0x6e startup_S32K144.o
 .debug_line    0x0000006e      0xbc6 Final_project_template.o
 .debug_line    0x00000c34      0x44f Final_project_template_data.o
 .debug_line    0x00001083      0x1dc Pick_lead_wrapper.o
 .debug_line    0x0000125f      0x561 adc_driver.o
 .debug_line    0x000017c0      0x1d5 bicycle_model_wrapper.o
 .debug_line    0x00001995      0x1c9 calc_us_wrapper.o
 .debug_line    0x00001b5e      0xe92 clock_S32K1xx.o
 .debug_line    0x000029f0      0x5f7 edma_driver.o
 .debug_line    0x00002fe7      0x22c edma_hw_access.o
 .debug_line    0x00003213      0x195 edma_irq.o
 .debug_line    0x000033a8      0x498 fcan0_s32k_rx_isr.o
 .debug_line    0x00003840      0xa56 flexcan_driver.o
 .debug_line    0x00004296      0x58e flexcan_hw_access.o
 .debug_line    0x00004824       0x5b flexcan_irq.o
 .debug_line    0x0000487f      0x188 ftm0_pwm_params.o
 .debug_line    0x00004a07      0x449 ftm2_qd_params_config.o
 .debug_line    0x00004e50      0x188 ftm3_pwm_params.o
 .debug_line    0x00004fd8      0x530 ftm_common.o
 .debug_line    0x00005508      0x236 ftm_fault_irq.o
 .debug_line    0x0000573e      0x206 ftm_hw_access.o
 .debug_line    0x00005944      0x4c3 ftm_ic_driver.o
 .debug_line    0x00005e07      0x647 ftm_pwm_driver.o
 .debug_line    0x0000644e      0x294 ftm_qd_driver.o
 .debug_line    0x000066e2      0x208 interrupt_manager.o
 .debug_line    0x000068ea      0x40f lpit_driver.o
 .debug_line    0x00006cf9      0x6d2 lpuart_driver.o
 .debug_line    0x000073cb      0x25e lpuart_hw_access.o
 .debug_line    0x00007629       0x6e lpuart_irq.o
 .debug_line    0x00007697      0x27b mbd_adc_irq.o
 .debug_line    0x00007912      0x4a0 mbd_main.o
 .debug_line    0x00007db2      0x254 osif_baremetal.o
 .debug_line    0x00008006       0x41 path_data.o
 .debug_line    0x00008047      0x2e2 pins_driver.o
 .debug_line    0x00008329      0x22f pins_port_hw_access.o
 .debug_line    0x00008558      0x22d power_manager.o
 .debug_line    0x00008785      0x4cf power_manager_S32K1xx.o
 .debug_line    0x00008c54      0x283 power_smc_hw_access.o
 .debug_line    0x00008ed7      0x206 s32k_clock_init.o
 .debug_line    0x000090dd      0x16f startup.o
 .debug_line    0x0000924c      0x18a system_S32K144.o

.debug_info     0x00000000    0x3b575
 .debug_info    0x00000000       0x26 startup_S32K144.o
 .debug_info    0x00000026     0x5214 Final_project_template.o
 .debug_info    0x0000523a     0x29b0 Final_project_template_data.o
 .debug_info    0x00007bea      0x95d Pick_lead_wrapper.o
 .debug_info    0x00008547     0x2e60 adc_driver.o
 .debug_info    0x0000b3a7      0x972 bicycle_model_wrapper.o
 .debug_info    0x0000bd19      0x955 calc_us_wrapper.o
 .debug_info    0x0000c66e     0x530a clock_S32K1xx.o
 .debug_info    0x00011978     0x320c edma_driver.o
 .debug_info    0x00014b84      0x94e edma_hw_access.o
 .debug_info    0x000154d2      0x554 edma_irq.o
 .debug_info    0x00015a26     0x285b fcan0_s32k_rx_isr.o
 .debug_info    0x00018281     0x410c flexcan_driver.o
 .debug_info    0x0001c38d     0x1c1d flexcan_hw_access.o
 .debug_info    0x0001dfaa      0x150 flexcan_irq.o
 .debug_info    0x0001e0fa      0xcd2 ftm0_pwm_params.o
 .debug_info    0x0001edcc     0x29bd ftm2_qd_params_config.o
 .debug_info    0x00021789      0xcd2 ftm3_pwm_params.o
 .debug_info    0x0002245b     0x29dc ftm_common.o
 .debug_info    0x00024e37      0x9dd ftm_fault_irq.o
 .debug_info    0x00025814      0x97a ftm_hw_access.o
 .debug_info    0x0002618e     0x1d4c ftm_ic_driver.o
 .debug_info    0x00027eda     0x2a4b ftm_pwm_driver.o
 .debug_info    0x0002a925     0x104c ftm_qd_driver.o
 .debug_info    0x0002b971      0x997 interrupt_manager.o
 .debug_info    0x0002c308     0x1b2d lpit_driver.o
 .debug_info    0x0002de35     0x2372 lpuart_driver.o
 .debug_info    0x000301a7      0x8eb lpuart_hw_access.o
 .debug_info    0x00030a92       0xe0 lpuart_irq.o
 .debug_info    0x00030b72      0xb8e mbd_adc_irq.o
 .debug_info    0x00031700     0x2fae mbd_main.o
 .debug_info    0x000346ae      0xa36 osif_baremetal.o
 .debug_info    0x000350e4      0x14f path_data.o
 .debug_info    0x00035233     0x1360 pins_driver.o
 .debug_info    0x00036593      0x89d pins_port_hw_access.o
 .debug_info    0x00036e30      0x7dc power_manager.o
 .debug_info    0x0003760c     0x1718 power_manager_S32K1xx.o
 .debug_info    0x00038d24      0xc0c power_smc_hw_access.o
 .debug_info    0x00039930     0x1477 s32k_clock_init.o
 .debug_info    0x0003ada7      0x2ad startup.o
 .debug_info    0x0003b054      0x521 system_S32K144.o

.debug_abbrev   0x00000000     0x5848
 .debug_abbrev  0x00000000       0x14 startup_S32K144.o
 .debug_abbrev  0x00000014      0x3de Final_project_template.o
 .debug_abbrev  0x000003f2      0x1f1 Final_project_template_data.o
 .debug_abbrev  0x000005e3      0x1e5 Pick_lead_wrapper.o
 .debug_abbrev  0x000007c8      0x37e adc_driver.o
 .debug_abbrev  0x00000b46      0x1be bicycle_model_wrapper.o
 .debug_abbrev  0x00000d04      0x1af calc_us_wrapper.o
 .debug_abbrev  0x00000eb3      0x37b clock_S32K1xx.o
 .debug_abbrev  0x0000122e      0x3aa edma_driver.o
 .debug_abbrev  0x000015d8      0x1e2 edma_hw_access.o
 .debug_abbrev  0x000017ba      0x17b edma_irq.o
 .debug_abbrev  0x00001935      0x233 fcan0_s32k_rx_isr.o
 .debug_abbrev  0x00001b68      0x3db flexcan_driver.o
 .debug_abbrev  0x00001f43      0x34f flexcan_hw_access.o
 .debug_abbrev  0x00002292       0x3f flexcan_irq.o
 .debug_abbrev  0x000022d1      0x126 ftm0_pwm_params.o
 .debug_abbrev  0x000023f7      0x1f1 ftm2_qd_params_config.o
 .debug_abbrev  0x000025e8      0x126 ftm3_pwm_params.o
 .debug_abbrev  0x0000270e      0x333 ftm_common.o
 .debug_abbrev  0x00002a41      0x1b5 ftm_fault_irq.o
 .debug_abbrev  0x00002bf6      0x1b5 ftm_hw_access.o
 .debug_abbrev  0x00002dab      0x321 ftm_ic_driver.o
 .debug_abbrev  0x000030cc      0x2d4 ftm_pwm_driver.o
 .debug_abbrev  0x000033a0      0x253 ftm_qd_driver.o
 .debug_abbrev  0x000035f3      0x1e5 interrupt_manager.o
 .debug_abbrev  0x000037d8      0x360 lpit_driver.o
 .debug_abbrev  0x00003b38      0x35f lpuart_driver.o
 .debug_abbrev  0x00003e97      0x19d lpuart_hw_access.o
 .debug_abbrev  0x00004034       0x8c lpuart_irq.o
 .debug_abbrev  0x000040c0      0x1e2 mbd_adc_irq.o
 .debug_abbrev  0x000042a2      0x30e mbd_main.o
 .debug_abbrev  0x000045b0      0x26a osif_baremetal.o
 .debug_abbrev  0x0000481a       0xac path_data.o
 .debug_abbrev  0x000048c6      0x2a7 pins_driver.o
 .debug_abbrev  0x00004b6d      0x1e1 pins_port_hw_access.o
 .debug_abbrev  0x00004d4e      0x1e6 power_manager.o
 .debug_abbrev  0x00004f34      0x363 power_manager_S32K1xx.o
 .debug_abbrev  0x00005297      0x240 power_smc_hw_access.o
 .debug_abbrev  0x000054d7      0x15a s32k_clock_init.o
 .debug_abbrev  0x00005631       0xdd startup.o
 .debug_abbrev  0x0000570e      0x13a system_S32K144.o

.debug_aranges  0x00000000      0x4f8
 .debug_aranges
                0x00000000       0x20 startup_S32K144.o
 .debug_aranges
                0x00000020       0x20 Final_project_template.o
 .debug_aranges
                0x00000040       0x18 Final_project_template_data.o
 .debug_aranges
                0x00000058       0x20 Pick_lead_wrapper.o
 .debug_aranges
                0x00000078       0x20 adc_driver.o
 .debug_aranges
                0x00000098       0x20 bicycle_model_wrapper.o
 .debug_aranges
                0x000000b8       0x20 calc_us_wrapper.o
 .debug_aranges
                0x000000d8       0x20 clock_S32K1xx.o
 .debug_aranges
                0x000000f8       0x20 edma_driver.o
 .debug_aranges
                0x00000118       0x20 edma_hw_access.o
 .debug_aranges
                0x00000138       0x20 edma_irq.o
 .debug_aranges
                0x00000158       0x20 fcan0_s32k_rx_isr.o
 .debug_aranges
                0x00000178       0x20 flexcan_driver.o
 .debug_aranges
                0x00000198       0x20 flexcan_hw_access.o
 .debug_aranges
                0x000001b8       0x20 flexcan_irq.o
 .debug_aranges
                0x000001d8       0x18 ftm0_pwm_params.o
 .debug_aranges
                0x000001f0       0x18 ftm2_qd_params_config.o
 .debug_aranges
                0x00000208       0x18 ftm3_pwm_params.o
 .debug_aranges
                0x00000220       0x20 ftm_common.o
 .debug_aranges
                0x00000240       0x20 ftm_fault_irq.o
 .debug_aranges
                0x00000260       0x20 ftm_hw_access.o
 .debug_aranges
                0x00000280       0x20 ftm_ic_driver.o
 .debug_aranges
                0x000002a0       0x20 ftm_pwm_driver.o
 .debug_aranges
                0x000002c0       0x20 ftm_qd_driver.o
 .debug_aranges
                0x000002e0       0x20 interrupt_manager.o
 .debug_aranges
                0x00000300       0x20 lpit_driver.o
 .debug_aranges
                0x00000320       0x20 lpuart_driver.o
 .debug_aranges
                0x00000340       0x20 lpuart_hw_access.o
 .debug_aranges
                0x00000360       0x20 lpuart_irq.o
 .debug_aranges
                0x00000380       0x20 mbd_adc_irq.o
 .debug_aranges
                0x000003a0       0x20 mbd_main.o
 .debug_aranges
                0x000003c0       0x20 osif_baremetal.o
 .debug_aranges
                0x000003e0       0x18 path_data.o
 .debug_aranges
                0x000003f8       0x20 pins_driver.o
 .debug_aranges
                0x00000418       0x20 pins_port_hw_access.o
 .debug_aranges
                0x00000438       0x20 power_manager.o
 .debug_aranges
                0x00000458       0x20 power_manager_S32K1xx.o
 .debug_aranges
                0x00000478       0x20 power_smc_hw_access.o
 .debug_aranges
                0x00000498       0x20 s32k_clock_init.o
 .debug_aranges
                0x000004b8       0x20 startup.o
 .debug_aranges
                0x000004d8       0x20 system_S32K144.o

.debug_str      0x00000000     0xfc90
 .debug_str     0x00000000       0x5c startup_S32K144.o
 .debug_str     0x0000005c     0x4f56 Final_project_template.o
                               0x51ba (size before relaxing)
 .debug_str     0x00004fb2       0x1e Final_project_template_data.o
                               0x32b4 (size before relaxing)
 .debug_str     0x00004fd0       0x52 Pick_lead_wrapper.o
                                0x6b5 (size before relaxing)
 .debug_str     0x00005022      0x9eb adc_driver.o
                               0x2551 (size before relaxing)
 .debug_str     0x00005a0d       0x53 bicycle_model_wrapper.o
                                0x6b6 (size before relaxing)
 .debug_str     0x00005a60       0x2d calc_us_wrapper.o
                                0x696 (size before relaxing)
 .debug_str     0x00005a8d     0x2897 clock_S32K1xx.o
                               0x390b (size before relaxing)
 .debug_str     0x00008324     0x170a edma_driver.o
                               0x288b (size before relaxing)
 .debug_str     0x00009a2e      0x155 edma_hw_access.o
                                0x7a4 (size before relaxing)
 .debug_str     0x00009b83      0x141 edma_irq.o
                                0x471 (size before relaxing)
 .debug_str     0x00009cc4       0x45 fcan0_s32k_rx_isr.o
                               0x2f25 (size before relaxing)
 .debug_str     0x00009d09     0x1133 flexcan_driver.o
                               0x2f11 (size before relaxing)
 .debug_str     0x0000ae3c      0x569 flexcan_hw_access.o
                               0x180f (size before relaxing)
 .debug_str     0x0000b3a5      0x158 flexcan_irq.o
                                0x31d (size before relaxing)
 .debug_str     0x0000b4fd       0x12 ftm0_pwm_params.o
                               0x12a4 (size before relaxing)
 .debug_str     0x0000b50f       0x18 ftm2_qd_params_config.o
                               0x32ae (size before relaxing)
 .debug_str     0x0000b527       0x12 ftm3_pwm_params.o
                               0x12a4 (size before relaxing)
 .debug_str     0x0000b539      0xb11 ftm_common.o
                               0x26b1 (size before relaxing)
 .debug_str     0x0000c04a      0x113 ftm_fault_irq.o
                                0xc6d (size before relaxing)
 .debug_str     0x0000c15d       0xa8 ftm_hw_access.o
                                0xd0b (size before relaxing)
 .debug_str     0x0000c205      0x6e7 ftm_ic_driver.o
                               0x1bd1 (size before relaxing)
 .debug_str     0x0000c8ec      0x490 ftm_pwm_driver.o
                               0x1fb1 (size before relaxing)
 .debug_str     0x0000cd7c      0x172 ftm_qd_driver.o
                               0x1770 (size before relaxing)
 .debug_str     0x0000ceee      0x2ff interrupt_manager.o
                                0xb27 (size before relaxing)
 .debug_str     0x0000d1ed      0x809 lpit_driver.o
                               0x1ccd (size before relaxing)
 .debug_str     0x0000d9f6      0x964 lpuart_driver.o
                               0x2269 (size before relaxing)
 .debug_str     0x0000e35a      0x188 lpuart_hw_access.o
                               0x1035 (size before relaxing)
 .debug_str     0x0000e4e2       0x46 lpuart_irq.o
                                0x21d (size before relaxing)
 .debug_str     0x0000e528       0xa3 mbd_adc_irq.o
                                0x74d (size before relaxing)
 .debug_str     0x0000e5cb       0x85 mbd_main.o
                               0x3656 (size before relaxing)
 .debug_str     0x0000e650      0x1a8 osif_baremetal.o
                               0x1067 (size before relaxing)
 .debug_str     0x0000e7f8        0xf path_data.o
                                0x1d9 (size before relaxing)
 .debug_str     0x0000e807      0x56a pins_driver.o
                               0x13af (size before relaxing)
 .debug_str     0x0000ed71      0x1c0 pins_port_hw_access.o
                                0x8e6 (size before relaxing)
 .debug_str     0x0000ef31      0x4d3 power_manager.o
                                0xfce (size before relaxing)
 .debug_str     0x0000f404      0x501 power_manager_S32K1xx.o
                               0x1906 (size before relaxing)
 .debug_str     0x0000f905      0x141 power_smc_hw_access.o
                                0xea6 (size before relaxing)
 .debug_str     0x0000fa46       0xa9 s32k_clock_init.o
                               0x2218 (size before relaxing)
 .debug_str     0x0000faef      0x112 startup.o
                                0x3df (size before relaxing)
 .debug_str     0x0000fc01       0x8f system_S32K144.o
                                0x3e0 (size before relaxing)

.debug_loc      0x00000000    0x16eb7
 .debug_loc     0x00000000     0x1e0a Final_project_template.o
 .debug_loc     0x00001e0a       0x83 Pick_lead_wrapper.o
 .debug_loc     0x00001e8d     0x12b6 adc_driver.o
 .debug_loc     0x00003143       0x78 bicycle_model_wrapper.o
 .debug_loc     0x000031bb       0x6d calc_us_wrapper.o
 .debug_loc     0x00003228     0x4418 clock_S32K1xx.o
 .debug_loc     0x00007640     0x1f14 edma_driver.o
 .debug_loc     0x00009554      0x551 edma_hw_access.o
 .debug_loc     0x00009aa5       0x50 edma_irq.o
 .debug_loc     0x00009af5       0xb5 fcan0_s32k_rx_isr.o
 .debug_loc     0x00009baa     0x2d4f flexcan_driver.o
 .debug_loc     0x0000c8f9     0x16b9 flexcan_hw_access.o
 .debug_loc     0x0000dfb2     0x13f9 ftm_common.o
 .debug_loc     0x0000f3ab      0x21b ftm_fault_irq.o
 .debug_loc     0x0000f5c6      0x114 ftm_hw_access.o
 .debug_loc     0x0000f6da     0x108e ftm_ic_driver.o
 .debug_loc     0x00010768     0x1c7a ftm_pwm_driver.o
 .debug_loc     0x000123e2      0x308 ftm_qd_driver.o
 .debug_loc     0x000126ea      0x1aa interrupt_manager.o
 .debug_loc     0x00012894      0xbe4 lpit_driver.o
 .debug_loc     0x00013478     0x1815 lpuart_driver.o
 .debug_loc     0x00014c8d      0x4a8 lpuart_hw_access.o
 .debug_loc     0x00015135       0x50 mbd_adc_irq.o
 .debug_loc     0x00015185       0xf0 mbd_main.o
 .debug_loc     0x00015275      0x1cd osif_baremetal.o
 .debug_loc     0x00015442      0x53e pins_driver.o
 .debug_loc     0x00015980      0x48a pins_port_hw_access.o
 .debug_loc     0x00015e0a      0x316 power_manager.o
 .debug_loc     0x00016120      0x701 power_manager_S32K1xx.o